Archive member included to satisfy reference by file (symbol)

/opt/st/stm32cubeide_1.16.0/plugins/com.st.stm32cube.ide.mcu.externaltools.gnu-tools-for-stm32.12.3.rel1.linux64_1.0.200.202406132123/tools/bin/../lib/gcc/arm-none-eabi/12.3.1/../../../../arm-none-eabi/lib/thumb/v7ve+simd/hard/libc_nano.a(libc_a-exit.o)
                              /opt/st/stm32cubeide_1.16.0/plugins/com.st.stm32cube.ide.mcu.externaltools.gnu-tools-for-stm32.12.3.rel1.linux64_1.0.200.202406132123/tools/bin/../lib/gcc/arm-none-eabi/12.3.1/../../../../arm-none-eabi/lib/thumb/v7ve+simd/hard/crt0.o (exit)
/opt/st/stm32cubeide_1.16.0/plugins/com.st.stm32cube.ide.mcu.externaltools.gnu-tools-for-stm32.12.3.rel1.linux64_1.0.200.202406132123/tools/bin/../lib/gcc/arm-none-eabi/12.3.1/../../../../arm-none-eabi/lib/thumb/v7ve+simd/hard/libc_nano.a(libc_a-malloc.o)
                              ./User/ddr_tool.o (malloc)
/opt/st/stm32cubeide_1.16.0/plugins/com.st.stm32cube.ide.mcu.externaltools.gnu-tools-for-stm32.12.3.rel1.linux64_1.0.200.202406132123/tools/bin/../lib/gcc/arm-none-eabi/12.3.1/../../../../arm-none-eabi/lib/thumb/v7ve+simd/hard/libc_nano.a(libc_a-mallocr.o)
                              /opt/st/stm32cubeide_1.16.0/plugins/com.st.stm32cube.ide.mcu.externaltools.gnu-tools-for-stm32.12.3.rel1.linux64_1.0.200.202406132123/tools/bin/../lib/gcc/arm-none-eabi/12.3.1/../../../../arm-none-eabi/lib/thumb/v7ve+simd/hard/libc_nano.a(libc_a-malloc.o) (_malloc_r)
/opt/st/stm32cubeide_1.16.0/plugins/com.st.stm32cube.ide.mcu.externaltools.gnu-tools-for-stm32.12.3.rel1.linux64_1.0.200.202406132123/tools/bin/../lib/gcc/arm-none-eabi/12.3.1/../../../../arm-none-eabi/lib/thumb/v7ve+simd/hard/libc_nano.a(libc_a-mlock.o)
                              /opt/st/stm32cubeide_1.16.0/plugins/com.st.stm32cube.ide.mcu.externaltools.gnu-tools-for-stm32.12.3.rel1.linux64_1.0.200.202406132123/tools/bin/../lib/gcc/arm-none-eabi/12.3.1/../../../../arm-none-eabi/lib/thumb/v7ve+simd/hard/libc_nano.a(libc_a-mallocr.o) (__malloc_lock)
/opt/st/stm32cubeide_1.16.0/plugins/com.st.stm32cube.ide.mcu.externaltools.gnu-tools-for-stm32.12.3.rel1.linux64_1.0.200.202406132123/tools/bin/../lib/gcc/arm-none-eabi/12.3.1/../../../../arm-none-eabi/lib/thumb/v7ve+simd/hard/libc_nano.a(libc_a-rand.o)
                              ./User/ddr_tests.o (srand)
/opt/st/stm32cubeide_1.16.0/plugins/com.st.stm32cube.ide.mcu.externaltools.gnu-tools-for-stm32.12.3.rel1.linux64_1.0.200.202406132123/tools/bin/../lib/gcc/arm-none-eabi/12.3.1/../../../../arm-none-eabi/lib/thumb/v7ve+simd/hard/libc_nano.a(libc_a-strtoul.o)
                              ./User/ddr_tool.o (strtoul)
/opt/st/stm32cubeide_1.16.0/plugins/com.st.stm32cube.ide.mcu.externaltools.gnu-tools-for-stm32.12.3.rel1.linux64_1.0.200.202406132123/tools/bin/../lib/gcc/arm-none-eabi/12.3.1/../../../../arm-none-eabi/lib/thumb/v7ve+simd/hard/libc_nano.a(libc_a-strtoll.o)
                              ./Drivers/STM32MP1xx_HAL_Driver/stm32mp1xx_hal_ddr.o (strtoll)
/opt/st/stm32cubeide_1.16.0/plugins/com.st.stm32cube.ide.mcu.externaltools.gnu-tools-for-stm32.12.3.rel1.linux64_1.0.200.202406132123/tools/bin/../lib/gcc/arm-none-eabi/12.3.1/../../../../arm-none-eabi/lib/thumb/v7ve+simd/hard/libc_nano.a(libc_a-lldiv.o)
                              ./User/ddr_tool.o (lldiv)
/opt/st/stm32cubeide_1.16.0/plugins/com.st.stm32cube.ide.mcu.externaltools.gnu-tools-for-stm32.12.3.rel1.linux64_1.0.200.202406132123/tools/bin/../lib/gcc/arm-none-eabi/12.3.1/../../../../arm-none-eabi/lib/thumb/v7ve+simd/hard/libc_nano.a(libc_a-ctype_.o)
                              ./Drivers/STM32MP1xx_HAL_Driver/stm32mp1xx_hal_ddr.o (_ctype_)
/opt/st/stm32cubeide_1.16.0/plugins/com.st.stm32cube.ide.mcu.externaltools.gnu-tools-for-stm32.12.3.rel1.linux64_1.0.200.202406132123/tools/bin/../lib/gcc/arm-none-eabi/12.3.1/../../../../arm-none-eabi/lib/thumb/v7ve+simd/hard/libc_nano.a(libc_a-findfp.o)
                              /opt/st/stm32cubeide_1.16.0/plugins/com.st.stm32cube.ide.mcu.externaltools.gnu-tools-for-stm32.12.3.rel1.linux64_1.0.200.202406132123/tools/bin/../lib/gcc/arm-none-eabi/12.3.1/../../../../arm-none-eabi/lib/thumb/v7ve+simd/hard/libc_nano.a(libc_a-exit.o) (__stdio_exit_handler)
/opt/st/stm32cubeide_1.16.0/plugins/com.st.stm32cube.ide.mcu.externaltools.gnu-tools-for-stm32.12.3.rel1.linux64_1.0.200.202406132123/tools/bin/../lib/gcc/arm-none-eabi/12.3.1/../../../../arm-none-eabi/lib/thumb/v7ve+simd/hard/libc_nano.a(libc_a-fwalk.o)
                              /opt/st/stm32cubeide_1.16.0/plugins/com.st.stm32cube.ide.mcu.externaltools.gnu-tools-for-stm32.12.3.rel1.linux64_1.0.200.202406132123/tools/bin/../lib/gcc/arm-none-eabi/12.3.1/../../../../arm-none-eabi/lib/thumb/v7ve+simd/hard/libc_nano.a(libc_a-findfp.o) (_fwalk_sglue)
[...]
Memory Configuration

Name             Origin             Length             Attributes
SYSRAM_BASE      0x2ffc0000         0x00040000         xrw
RETRAM_BASE      0x38000000         0x00010000         xrw
MCUSRAM_BASE     0x30000000         0x00060000         xrw
DDR_BASE         0xc0000000         0x40000000         xrw
*default*        0x00000000         0xffffffff

Linker script and memory map

LOAD /opt/st/stm32cubeide_1.16.0/plugins/com.st.stm32cube.ide.mcu.externaltools.gnu-tools-for-stm32.12.3.rel1.linux64_1.0.200.202406132123/tools/bin/../lib/gcc/arm-none-eabi/12.3.1/thumb/v7ve+simd/hard/crti.o
LOAD /opt/st/stm32cubeide_1.16.0/plugins/com.st.stm32cube.ide.mcu.externaltools.gnu-tools-for-stm32.12.3.rel1.linux64_1.0.200.202406132123/tools/bin/../lib/gcc/arm-none-eabi/12.3.1/thumb/v7ve+simd/hard/crtbegin.o
LOAD /opt/st/stm32cubeide_1.16.0/plugins/com.st.stm32cube.ide.mcu.externaltools.gnu-tools-for-stm32.12.3.rel1.linux64_1.0.200.202406132123/tools/bin/../lib/gcc/arm-none-eabi/12.3.1/../../../../arm-none-eabi/lib/thumb/v7ve+simd/hard/crt0.o
LOAD ./Common/syscalls.o
LOAD ./Common/system_time.o
LOAD ./Drivers/BSP/STM32MP15xx_ZEGARSON/stm32mp15xx_disco.o
LOAD ./Drivers/BSP/STM32MP15xx_ZEGARSON/stm32mp15xx_disco_bus.o
LOAD ./Drivers/BSP/STM32MP15xx_ZEGARSON/stm32mp15xx_disco_stpmic1.o
LOAD ./Drivers/BSP/STM32MP15xx_ZEGARSON/stm32mp1xx_power.o
LOAD ./Drivers/CMSIS/irq_ctrl_gic.o
LOAD ./Drivers/CMSIS/startup_stm32mp157cxx_ca7.o
LOAD ./Drivers/CMSIS/system_stm32mp1xx_A7.o
LOAD ./Drivers/STM32MP1xx_HAL_Driver/stm32mp1xx_hal.o
LOAD ./Drivers/STM32MP1xx_HAL_Driver/stm32mp1xx_hal_ddr.o
LOAD ./Drivers/STM32MP1xx_HAL_Driver/stm32mp1xx_hal_dma.o
LOAD ./Drivers/STM32MP1xx_HAL_Driver/stm32mp1xx_hal_gpio.o
LOAD ./Drivers/STM32MP1xx_HAL_Driver/stm32mp1xx_hal_i2c.o
LOAD ./Drivers/STM32MP1xx_HAL_Driver/stm32mp1xx_hal_i2c_ex.o
LOAD ./Drivers/STM32MP1xx_HAL_Driver/stm32mp1xx_hal_rcc.o
LOAD ./Drivers/STM32MP1xx_HAL_Driver/stm32mp1xx_hal_rcc_ex.o
LOAD ./Drivers/STM32MP1xx_HAL_Driver/stm32mp1xx_hal_uart.o
LOAD ./Drivers/STM32MP1xx_HAL_Driver/stm32mp1xx_hal_uart_ex.o
LOAD ./User/ddr_tests.o
LOAD ./User/ddr_tool.o
LOAD ./User/ddr_tool_util.o
LOAD ./User/main.o
LOAD ./User/stm32mp1xx_hal_msp.o
LOAD ./User/stm32mp1xx_it.o
START GROUP
LOAD /opt/st/stm32cubeide_1.16.0/plugins/com.st.stm32cube.ide.mcu.externaltools.gnu-tools-for-stm32.12.3.rel1.linux64_1.0.200.202406132123/tools/bin/../lib/gcc/arm-none-eabi/12.3.1/../../../../arm-none-eabi/lib/thumb/v7ve+simd/hard/libc_nano.a
LOAD /opt/st/stm32cubeide_1.16.0/plugins/com.st.stm32cube.ide.mcu.externaltools.gnu-tools-for-stm32.12.3.rel1.linux64_1.0.200.202406132123/tools/bin/../lib/gcc/arm-none-eabi/12.3.1/../../../../arm-none-eabi/lib/thumb/v7ve+simd/hard/libm.a
END GROUP
START GROUP
LOAD /opt/st/stm32cubeide_1.16.0/plugins/com.st.stm32cube.ide.mcu.externaltools.gnu-tools-for-stm32.12.3.rel1.linux64_1.0.200.202406132123/tools/bin/../lib/gcc/arm-none-eabi/12.3.1/thumb/v7ve+simd/hard/libgcc.a
LOAD /opt/st/stm32cubeide_1.16.0/plugins/com.st.stm32cube.ide.mcu.externaltools.gnu-tools-for-stm32.12.3.rel1.linux64_1.0.200.202406132123/tools/bin/../lib/gcc/arm-none-eabi/12.3.1/../../../../arm-none-eabi/lib/thumb/v7ve+simd/hard/libc_nano.a
END GROUP
START GROUP
LOAD /opt/st/stm32cubeide_1.16.0/plugins/com.st.stm32cube.ide.mcu.externaltools.gnu-tools-for-stm32.12.3.rel1.linux64_1.0.200.202406132123/tools/bin/../lib/gcc/arm-none-eabi/12.3.1/thumb/v7ve+simd/hard/libgcc.a
LOAD /opt/st/stm32cubeide_1.16.0/plugins/com.st.stm32cube.ide.mcu.externaltools.gnu-tools-for-stm32.12.3.rel1.linux64_1.0.200.202406132123/tools/bin/../lib/gcc/arm-none-eabi/12.3.1/../../../../arm-none-eabi/lib/thumb/v7ve+simd/hard/libc_nano.a
LOAD /opt/st/stm32cubeide_1.16.0/plugins/com.st.stm32cube.ide.mcu.externaltools.gnu-tools-for-stm32.12.3.rel1.linux64_1.0.200.202406132123/tools/bin/../lib/gcc/arm-none-eabi/12.3.1/../../../../arm-none-eabi/lib/thumb/v7ve+simd/hard/libnosys.a
END GROUP
START GROUP
LOAD /opt/st/stm32cubeide_1.16.0/plugins/com.st.stm32cube.ide.mcu.externaltools.gnu-tools-for-stm32.12.3.rel1.linux64_1.0.200.202406132123/tools/bin/../lib/gcc/arm-none-eabi/12.3.1/thumb/v7ve+simd/hard/libgcc.a
LOAD /opt/st/stm32cubeide_1.16.0/plugins/com.st.stm32cube.ide.mcu.externaltools.gnu-tools-for-stm32.12.3.rel1.linux64_1.0.200.202406132123/tools/bin/../lib/gcc/arm-none-eabi/12.3.1/../../../../arm-none-eabi/lib/thumb/v7ve+simd/hard/libc_nano.a
LOAD /opt/st/stm32cubeide_1.16.0/plugins/com.st.stm32cube.ide.mcu.externaltools.gnu-tools-for-stm32.12.3.rel1.linux64_1.0.200.202406132123/tools/bin/../lib/gcc/arm-none-eabi/12.3.1/../../../../arm-none-eabi/lib/thumb/v7ve+simd/hard/libnosys.a
END GROUP
LOAD /opt/st/stm32cubeide_1.16.0/plugins/com.st.stm32cube.ide.mcu.externaltools.gnu-tools-for-stm32.12.3.rel1.linux64_1.0.200.202406132123/tools/bin/../lib/gcc/arm-none-eabi/12.3.1/thumb/v7ve+simd/hard/crtend.o
LOAD /opt/st/stm32cubeide_1.16.0/plugins/com.st.stm32cube.ide.mcu.externaltools.gnu-tools-for-stm32.12.3.rel1.linux64_1.0.200.202406132123/tools/bin/../lib/gcc/arm-none-eabi/12.3.1/thumb/v7ve+simd/hard/crtn.o
                0x00000200                        _Min_Heap_Size = 0x200
                0x00000400                        _Min_Stack_Size = 0x400
                0x00004000                        TTB_L1_SIZE = 0x4000
                0x00000400                        TTB_L2_SIZE = 0x400
                0x00002500                        START_OFFSET = 0x2500
                0x2ffc2500                        __MEM_START__ = (ORIGIN (RAM) + START_OFFSET)
                0x0003db00                        __MEM_SIZE__ = (LENGTH (RAM) - START_OFFSET)
                0x00000400                        __FIQ_STACK_SIZE = 0x400
                0x00000400                        __IRQ_STACK_SIZE = 0x400
                0x00000400                        __ABT_STACK_SIZE = 0x400
                0x00000400                        __SVC_STACK_SIZE = 0x400
                0x00000400                        __UND_STACK_SIZE = 0x400
                0x00000400                        __SYS_STACK_SIZE = 0x400
                0x30000000                        FIQ_STACK = (__MEM_START__ + __MEM_SIZE__)
                0x2ffffc00                        IRQ_STACK = (FIQ_STACK - __FIQ_STACK_SIZE)
                0x2ffff800                        ABT_STACK = (IRQ_STACK - __IRQ_STACK_SIZE)
                0x2ffff400                        SVC_STACK = (ABT_STACK - __ABT_STACK_SIZE)
                0x2ffff000                        UND_STACK = (SVC_STACK - __SVC_STACK_SIZE)
                0x2fffec00                        SYS_STACK = (UND_STACK - __UND_STACK_SIZE)
                0x2fffe800                        FIQ_STACK1 = (SYS_STACK - __SYS_STACK_SIZE)
                0x2fffe400                        IRQ_STACK1 = (FIQ_STACK1 - __FIQ_STACK_SIZE)
                0x2fffe000                        ABT_STACK1 = (IRQ_STACK1 - __IRQ_STACK_SIZE)
                0x2fffdc00                        SVC_STACK1 = (ABT_STACK1 - __ABT_STACK_SIZE)
                0x2fffd800                        UND_STACK1 = (SVC_STACK1 - __SVC_STACK_SIZE)
                0x2fffd400                        SYS_STACK1 = (UND_STACK1 - __UND_STACK_SIZE)
                0x2ffc2500                        . = __MEM_START__

.RESET          0x2ffc2500     0xeb00
                0x2ffc2500                        __TEXT_START__ = .
 *(.text.Reset_Handler)
 .text.Reset_Handler
                0x2ffc2500       0xb0 ./Drivers/CMSIS/startup_stm32mp157cxx_ca7.o
                0x2ffc2500                Reset_Handler
 *(RESET)
 *fill*         0x2ffc25b0       0x50 
 RESET          0x2ffc2600       0x40 ./Drivers/CMSIS/startup_stm32mp157cxx_ca7.o
                0x2ffc2600                Vectors
 *(.text*)
 .text          0x2ffc2640       0x50 /opt/st/stm32cubeide_1.16.0/plugins/com.st.stm32cube.ide.mcu.externaltools.gnu-tools-for-stm32.12.3.rel1.linux64_1.0.200.202406132123/tools/bin/../lib/gcc/arm-none-eabi/12.3.1/thumb/v7ve+simd/hard/crtbegin.o
 .text._getpid  0x2ffc2690        0x4 ./Common/syscalls.o
                0x2ffc2690                _getpid
 .text._kill    0x2ffc2694       0x14 ./Common/syscalls.o
                0x2ffc2694                _kill
 .text._exit    0x2ffc26a8        0xc ./Common/syscalls.o
                0x2ffc26a8                _exit
 .text._read    0x2ffc26b4       0x1c ./Common/syscalls.o
                0x2ffc26b4                _read
 .text._write   0x2ffc26d0       0x1c ./Common/syscalls.o
                0x2ffc26d0                _write
 .text._sbrk    0x2ffc26ec       0x3c ./Common/syscalls.o
                0x2ffc26ec                _sbrk
 .text._close   0x2ffc2728        0x8 ./Common/syscalls.o
                0x2ffc2728                _close
 .text._fstat   0x2ffc2730        0xc ./Common/syscalls.o
                0x2ffc2730                _fstat
 .text._isatty  0x2ffc273c        0x4 ./Common/syscalls.o
                0x2ffc273c                _isatty
 .text._lseek   0x2ffc2740        0x4 ./Common/syscalls.o
                0x2ffc2740                _lseek
 .text.BSP_LED_Off
                0x2ffc2744       0x34 ./Drivers/BSP/STM32MP15xx_ZEGARSON/stm32mp15xx_disco.o
                0x2ffc2744                BSP_LED_Off
 .text.BSP_LED_Init
                0x2ffc2778       0x68 ./Drivers/BSP/STM32MP15xx_ZEGARSON/stm32mp15xx_disco.o
                0x2ffc2778                BSP_LED_Init
 .text.BSP_LED_Toggle
                0x2ffc27e0       0x1c ./Drivers/BSP/STM32MP15xx_ZEGARSON/stm32mp15xx_disco.o
                0x2ffc27e0                BSP_LED_Toggle
 *fill*         0x2ffc27fc        0x4 
 .text.I2C_MspInit.constprop.0
                0x2ffc2800       0x90 ./Drivers/BSP/STM32MP15xx_ZEGARSON/stm32mp15xx_disco_bus.o
 .text.MX_I2C_Init
                0x2ffc2890       0x40 ./Drivers/BSP/STM32MP15xx_ZEGARSON/stm32mp15xx_disco_bus.o
                0x2ffc2890                MX_I2C_Init
 .text.BSP_I2C_Init
                0x2ffc28d0       0x30 ./Drivers/BSP/STM32MP15xx_ZEGARSON/stm32mp15xx_disco_bus.o
                0x2ffc28d0                BSP_I2C_Init
 .text.BSP_I2C_WriteReg
                0x2ffc2900       0x34 ./Drivers/BSP/STM32MP15xx_ZEGARSON/stm32mp15xx_disco_bus.o
                0x2ffc2900                BSP_I2C_WriteReg
 .text.BSP_I2C_ReadReg
                0x2ffc2934       0x34 ./Drivers/BSP/STM32MP15xx_ZEGARSON/stm32mp15xx_disco_bus.o
                0x2ffc2934                BSP_I2C_ReadReg
 .text.BSP_I2C_IsReady
                0x2ffc2968       0x24 ./Drivers/BSP/STM32MP15xx_ZEGARSON/stm32mp15xx_disco_bus.o
                0x2ffc2968                BSP_I2C_IsReady
 .text.BSP_Error_Handler
                0x2ffc298c       0x18 ./Drivers/BSP/STM32MP15xx_ZEGARSON/stm32mp15xx_disco_stpmic1.o
                0x2ffc298c                BSP_Error_Handler
 .text.STPMU1_Register_Read
                0x2ffc29a4       0x28 ./Drivers/BSP/STM32MP15xx_ZEGARSON/stm32mp15xx_disco_stpmic1.o
                0x2ffc29a4                STPMU1_Register_Read
 .text.STPMU1_Register_Write
                0x2ffc29cc       0x54 ./Drivers/BSP/STM32MP15xx_ZEGARSON/stm32mp15xx_disco_stpmic1.o
                0x2ffc29cc                STPMU1_Register_Write
 .text.STPMU1_Regulator_Enable
                0x2ffc2a20       0x58 ./Drivers/BSP/STM32MP15xx_ZEGARSON/stm32mp15xx_disco_stpmic1.o
                0x2ffc2a20                STPMU1_Regulator_Enable
 .text.STPMU1_Regulator_Voltage_Set
                0x2ffc2a78       0x94 ./Drivers/BSP/STM32MP15xx_ZEGARSON/stm32mp15xx_disco_stpmic1.o
                0x2ffc2a78                STPMU1_Regulator_Voltage_Set
 *fill*         0x2ffc2b0c        0x4 
 .text.BSP_PMIC_Init
                0x2ffc2b10       0xd8 ./Drivers/BSP/STM32MP15xx_ZEGARSON/stm32mp15xx_disco_stpmic1.o
                0x2ffc2b10                BSP_PMIC_Init
 .text.SystemPower_Config
                0x2ffc2be8       0xec ./Drivers/BSP/STM32MP15xx_ZEGARSON/stm32mp1xx_power.o
                0x2ffc2be8                SystemPower_Config
 .text.IRQ_Initialize
                0x2ffc2cd4      0x184 ./Drivers/CMSIS/irq_ctrl_gic.o
                0x2ffc2cd4                IRQ_Initialize
 .text.IRQ_SetHandler
                0x2ffc2e58       0x20 ./Drivers/CMSIS/irq_ctrl_gic.o
                0x2ffc2e58                IRQ_SetHandler
 .text.IRQ_GetHandler
                0x2ffc2e78       0x1c ./Drivers/CMSIS/irq_ctrl_gic.o
                0x2ffc2e78                IRQ_GetHandler
 .text.IRQ_Enable
                0x2ffc2e94       0x2c ./Drivers/CMSIS/irq_ctrl_gic.o
                0x2ffc2e94                IRQ_Enable
 .text.IRQ_GetActiveIRQ
                0x2ffc2ec0       0x90 ./Drivers/CMSIS/irq_ctrl_gic.o
                0x2ffc2ec0                IRQ_GetActiveIRQ
 .text.IRQ_EndOfInterrupt
                0x2ffc2f50       0x30 ./Drivers/CMSIS/irq_ctrl_gic.o
                0x2ffc2f50                IRQ_EndOfInterrupt
 .text.IRQ_ClearPending
                0x2ffc2f80       0x30 ./Drivers/CMSIS/irq_ctrl_gic.o
                0x2ffc2f80                IRQ_ClearPending
 .text.IRQ_SetPriority
                0x2ffc2fb0       0x40 ./Drivers/CMSIS/irq_ctrl_gic.o
                0x2ffc2fb0                IRQ_SetPriority
 .text.RESERVED_IRQHandler
                0x2ffc2ff0        0x4 ./Drivers/CMSIS/startup_stm32mp157cxx_ca7.o
                0x2ffc2ff0                RESERVED_IRQHandler
 .text.WWDG1_RST_IRQHandler
                0x2ffc2ff4        0x4 ./Drivers/CMSIS/startup_stm32mp157cxx_ca7.o
                0x2ffc2ff4                WWDG1_RST_IRQHandler
 .text.SGI0_IRQHandler
                0x2ffc2ff8        0x4 ./Drivers/CMSIS/startup_stm32mp157cxx_ca7.o
                0x2ffc2ff8                SGI0_IRQHandler
 .text.SGI1_IRQHandler
                0x2ffc2ffc        0x4 ./Drivers/CMSIS/startup_stm32mp157cxx_ca7.o
                0x2ffc2ffc                SGI1_IRQHandler
 .text.SGI2_IRQHandler
                0x2ffc3000        0x4 ./Drivers/CMSIS/startup_stm32mp157cxx_ca7.o
                0x2ffc3000                SGI2_IRQHandler
 .text.SGI3_IRQHandler
                0x2ffc3004        0x4 ./Drivers/CMSIS/startup_stm32mp157cxx_ca7.o
                0x2ffc3004                SGI3_IRQHandler
 .text.SGI4_IRQHandler
                0x2ffc3008        0x4 ./Drivers/CMSIS/startup_stm32mp157cxx_ca7.o
                0x2ffc3008                SGI4_IRQHandler
 .text.SGI5_IRQHandler
                0x2ffc300c        0x4 ./Drivers/CMSIS/startup_stm32mp157cxx_ca7.o
                0x2ffc300c                SGI5_IRQHandler
 .text.SGI6_IRQHandler
                0x2ffc3010        0x4 ./Drivers/CMSIS/startup_stm32mp157cxx_ca7.o
                0x2ffc3010                SGI6_IRQHandler
 .text.SGI7_IRQHandler
                0x2ffc3014        0x4 ./Drivers/CMSIS/startup_stm32mp157cxx_ca7.o
                0x2ffc3014                SGI7_IRQHandler
 .text.SGI8_IRQHandler
                0x2ffc3018        0x4 ./Drivers/CMSIS/startup_stm32mp157cxx_ca7.o
                0x2ffc3018                SGI8_IRQHandler
 .text.SGI9_IRQHandler
                0x2ffc301c        0x4 ./Drivers/CMSIS/startup_stm32mp157cxx_ca7.o
                0x2ffc301c                SGI9_IRQHandler
 .text.SGI10_IRQHandler
                0x2ffc3020        0x4 ./Drivers/CMSIS/startup_stm32mp157cxx_ca7.o
                0x2ffc3020                SGI10_IRQHandler
 .text.SGI11_IRQHandler
                0x2ffc3024        0x4 ./Drivers/CMSIS/startup_stm32mp157cxx_ca7.o
                0x2ffc3024                SGI11_IRQHandler
 .text.SGI12_IRQHandler
                0x2ffc3028        0x4 ./Drivers/CMSIS/startup_stm32mp157cxx_ca7.o
                0x2ffc3028                SGI12_IRQHandler
 .text.SGI13_IRQHandler
                0x2ffc302c        0x4 ./Drivers/CMSIS/startup_stm32mp157cxx_ca7.o
                0x2ffc302c                SGI13_IRQHandler
 .text.SGI14_IRQHandler
                0x2ffc3030        0x4 ./Drivers/CMSIS/startup_stm32mp157cxx_ca7.o
                0x2ffc3030                SGI14_IRQHandler
 .text.SGI15_IRQHandler
                0x2ffc3034        0x4 ./Drivers/CMSIS/startup_stm32mp157cxx_ca7.o
                0x2ffc3034                SGI15_IRQHandler
 .text.VirtualMaintenanceInterrupt_IRQHandler
                0x2ffc3038        0x4 ./Drivers/CMSIS/startup_stm32mp157cxx_ca7.o
                0x2ffc3038                VirtualMaintenanceInterrupt_IRQHandler
 .text.HypervisorTimer_IRQHandler
                0x2ffc303c        0x4 ./Drivers/CMSIS/startup_stm32mp157cxx_ca7.o
                0x2ffc303c                HypervisorTimer_IRQHandler
 .text.VirtualTimer_IRQHandler
                0x2ffc3040        0x4 ./Drivers/CMSIS/startup_stm32mp157cxx_ca7.o
                0x2ffc3040                VirtualTimer_IRQHandler
 .text.Legacy_nFIQ_IRQHandler
                0x2ffc3044        0x4 ./Drivers/CMSIS/startup_stm32mp157cxx_ca7.o
                0x2ffc3044                Legacy_nFIQ_IRQHandler
 .text.NonSecurePhysicalTimer_IRQHandler
                0x2ffc3048        0x4 ./Drivers/CMSIS/startup_stm32mp157cxx_ca7.o
                0x2ffc3048                NonSecurePhysicalTimer_IRQHandler
 .text.Legacy_nIRQ_IRQHandler
                0x2ffc304c        0x4 ./Drivers/CMSIS/startup_stm32mp157cxx_ca7.o
                0x2ffc304c                Legacy_nIRQ_IRQHandler
 .text.WWDG1_IRQHandler
                0x2ffc3050        0x4 ./Drivers/CMSIS/startup_stm32mp157cxx_ca7.o
                0x2ffc3050                WWDG1_IRQHandler
 .text.PVD_AVD_IRQHandler
                0x2ffc3054        0x4 ./Drivers/CMSIS/startup_stm32mp157cxx_ca7.o
                0x2ffc3054                PVD_AVD_IRQHandler
 .text.TAMP_IRQHandler
                0x2ffc3058        0x4 ./Drivers/CMSIS/startup_stm32mp157cxx_ca7.o
                0x2ffc3058                TAMP_IRQHandler
 .text.RTC_WKUP_ALARM_IRQHandler
                0x2ffc305c        0x4 ./Drivers/CMSIS/startup_stm32mp157cxx_ca7.o
                0x2ffc305c                RTC_WKUP_ALARM_IRQHandler
 .text.RCC_IRQHandler
                0x2ffc3060        0x4 ./Drivers/CMSIS/startup_stm32mp157cxx_ca7.o
                0x2ffc3060                RCC_IRQHandler
 .text.EXTI0_IRQHandler
                0x2ffc3064        0x4 ./Drivers/CMSIS/startup_stm32mp157cxx_ca7.o
                0x2ffc3064                EXTI0_IRQHandler
 .text.EXTI1_IRQHandler
                0x2ffc3068        0x4 ./Drivers/CMSIS/startup_stm32mp157cxx_ca7.o
                0x2ffc3068                EXTI1_IRQHandler
 .text.EXTI2_IRQHandler
                0x2ffc306c        0x4 ./Drivers/CMSIS/startup_stm32mp157cxx_ca7.o
                0x2ffc306c                EXTI2_IRQHandler
 .text.EXTI3_IRQHandler
                0x2ffc3070        0x4 ./Drivers/CMSIS/startup_stm32mp157cxx_ca7.o
                0x2ffc3070                EXTI3_IRQHandler
 .text.EXTI4_IRQHandler
                0x2ffc3074        0x4 ./Drivers/CMSIS/startup_stm32mp157cxx_ca7.o
                0x2ffc3074                EXTI4_IRQHandler
 .text.DMA1_Stream0_IRQHandler
                0x2ffc3078        0x4 ./Drivers/CMSIS/startup_stm32mp157cxx_ca7.o
                0x2ffc3078                DMA1_Stream0_IRQHandler
 .text.DMA1_Stream1_IRQHandler
                0x2ffc307c        0x4 ./Drivers/CMSIS/startup_stm32mp157cxx_ca7.o
                0x2ffc307c                DMA1_Stream1_IRQHandler
 .text.DMA1_Stream2_IRQHandler
                0x2ffc3080        0x4 ./Drivers/CMSIS/startup_stm32mp157cxx_ca7.o
                0x2ffc3080                DMA1_Stream2_IRQHandler
 .text.DMA1_Stream3_IRQHandler
                0x2ffc3084        0x4 ./Drivers/CMSIS/startup_stm32mp157cxx_ca7.o
                0x2ffc3084                DMA1_Stream3_IRQHandler
 .text.DMA1_Stream4_IRQHandler
                0x2ffc3088        0x4 ./Drivers/CMSIS/startup_stm32mp157cxx_ca7.o
                0x2ffc3088                DMA1_Stream4_IRQHandler
 .text.DMA1_Stream5_IRQHandler
                0x2ffc308c        0x4 ./Drivers/CMSIS/startup_stm32mp157cxx_ca7.o
                0x2ffc308c                DMA1_Stream5_IRQHandler
 .text.DMA1_Stream6_IRQHandler
                0x2ffc3090        0x4 ./Drivers/CMSIS/startup_stm32mp157cxx_ca7.o
                0x2ffc3090                DMA1_Stream6_IRQHandler
 .text.ADC1_IRQHandler
                0x2ffc3094        0x4 ./Drivers/CMSIS/startup_stm32mp157cxx_ca7.o
                0x2ffc3094                ADC1_IRQHandler
 .text.ADC2_IRQHandler
                0x2ffc3098        0x4 ./Drivers/CMSIS/startup_stm32mp157cxx_ca7.o
                0x2ffc3098                ADC2_IRQHandler
 .text.FDCAN1_IT0_IRQHandler
                0x2ffc309c        0x4 ./Drivers/CMSIS/startup_stm32mp157cxx_ca7.o
                0x2ffc309c                FDCAN1_IT0_IRQHandler
 .text.FDCAN2_IT0_IRQHandler
                0x2ffc30a0        0x4 ./Drivers/CMSIS/startup_stm32mp157cxx_ca7.o
                0x2ffc30a0                FDCAN2_IT0_IRQHandler
 .text.FDCAN1_IT1_IRQHandler
                0x2ffc30a4        0x4 ./Drivers/CMSIS/startup_stm32mp157cxx_ca7.o
                0x2ffc30a4                FDCAN1_IT1_IRQHandler
 .text.FDCAN2_IT1_IRQHandler
                0x2ffc30a8        0x4 ./Drivers/CMSIS/startup_stm32mp157cxx_ca7.o
                0x2ffc30a8                FDCAN2_IT1_IRQHandler
 .text.FDCAN_CAL_IRQHandler
                0x2ffc30ac        0x4 ./Drivers/CMSIS/startup_stm32mp157cxx_ca7.o
                0x2ffc30ac                FDCAN_CAL_IRQHandler
 .text.EXTI5_IRQHandler
                0x2ffc30b0        0x4 ./Drivers/CMSIS/startup_stm32mp157cxx_ca7.o
                0x2ffc30b0                EXTI5_IRQHandler
 .text.TIM1_BRK_TIM9_IRQHandler
                0x2ffc30b4        0x4 ./Drivers/CMSIS/startup_stm32mp157cxx_ca7.o
                0x2ffc30b4                TIM1_BRK_TIM9_IRQHandler
 .text.TIM1_UP_TIM10_IRQHandler
                0x2ffc30b8        0x4 ./Drivers/CMSIS/startup_stm32mp157cxx_ca7.o
                0x2ffc30b8                TIM1_UP_TIM10_IRQHandler
 .text.TIM1_TRG_COM_TIM11_IRQHandler
                0x2ffc30bc        0x4 ./Drivers/CMSIS/startup_stm32mp157cxx_ca7.o
                0x2ffc30bc                TIM1_TRG_COM_TIM11_IRQHandler
 .text.TIM1_CC_IRQHandler
                0x2ffc30c0        0x4 ./Drivers/CMSIS/startup_stm32mp157cxx_ca7.o
                0x2ffc30c0                TIM1_CC_IRQHandler
 .text.TIM2_IRQHandler
                0x2ffc30c4        0x4 ./Drivers/CMSIS/startup_stm32mp157cxx_ca7.o
                0x2ffc30c4                TIM2_IRQHandler
 .text.TIM3_IRQHandler
                0x2ffc30c8        0x4 ./Drivers/CMSIS/startup_stm32mp157cxx_ca7.o
                0x2ffc30c8                TIM3_IRQHandler
 .text.TIM4_IRQHandler
                0x2ffc30cc        0x4 ./Drivers/CMSIS/startup_stm32mp157cxx_ca7.o
                0x2ffc30cc                TIM4_IRQHandler
 .text.I2C1_EV_IRQHandler
                0x2ffc30d0        0x4 ./Drivers/CMSIS/startup_stm32mp157cxx_ca7.o
                0x2ffc30d0                I2C1_EV_IRQHandler
 .text.I2C1_ER_IRQHandler
                0x2ffc30d4        0x4 ./Drivers/CMSIS/startup_stm32mp157cxx_ca7.o
                0x2ffc30d4                I2C1_ER_IRQHandler
 .text.I2C2_EV_IRQHandler
                0x2ffc30d8        0x4 ./Drivers/CMSIS/startup_stm32mp157cxx_ca7.o
                0x2ffc30d8                I2C2_EV_IRQHandler
 .text.I2C2_ER_IRQHandler
                0x2ffc30dc        0x4 ./Drivers/CMSIS/startup_stm32mp157cxx_ca7.o
                0x2ffc30dc                I2C2_ER_IRQHandler
 .text.SPI1_IRQHandler
                0x2ffc30e0        0x4 ./Drivers/CMSIS/startup_stm32mp157cxx_ca7.o
                0x2ffc30e0                SPI1_IRQHandler
 .text.SPI2_IRQHandler
                0x2ffc30e4        0x4 ./Drivers/CMSIS/startup_stm32mp157cxx_ca7.o
                0x2ffc30e4                SPI2_IRQHandler
 .text.USART1_IRQHandler
                0x2ffc30e8        0x4 ./Drivers/CMSIS/startup_stm32mp157cxx_ca7.o
                0x2ffc30e8                USART1_IRQHandler
 .text.USART2_IRQHandler
                0x2ffc30ec        0x4 ./Drivers/CMSIS/startup_stm32mp157cxx_ca7.o
                0x2ffc30ec                USART2_IRQHandler
 .text.USART3_IRQHandler
                0x2ffc30f0        0x4 ./Drivers/CMSIS/startup_stm32mp157cxx_ca7.o
                0x2ffc30f0                USART3_IRQHandler
 .text.EXTI10_IRQHandler
                0x2ffc30f4        0x4 ./Drivers/CMSIS/startup_stm32mp157cxx_ca7.o
                0x2ffc30f4                EXTI10_IRQHandler
 .text.RTC_Alarm_IRQHandler
                0x2ffc30f8        0x4 ./Drivers/CMSIS/startup_stm32mp157cxx_ca7.o
                0x2ffc30f8                RTC_Alarm_IRQHandler
 .text.EXTI11_IRQHandler
                0x2ffc30fc        0x4 ./Drivers/CMSIS/startup_stm32mp157cxx_ca7.o
                0x2ffc30fc                EXTI11_IRQHandler
 .text.TIM8_BRK_IRQHandler
                0x2ffc3100        0x4 ./Drivers/CMSIS/startup_stm32mp157cxx_ca7.o
                0x2ffc3100                TIM8_BRK_IRQHandler
 .text.TIM8_UP_IRQHandler
                0x2ffc3104        0x4 ./Drivers/CMSIS/startup_stm32mp157cxx_ca7.o
                0x2ffc3104                TIM8_UP_IRQHandler
 .text.TIM8_TRG_COM_IRQHandler
                0x2ffc3108        0x4 ./Drivers/CMSIS/startup_stm32mp157cxx_ca7.o
                0x2ffc3108                TIM8_TRG_COM_IRQHandler
 .text.TIM8_CC_IRQHandler
                0x2ffc310c        0x4 ./Drivers/CMSIS/startup_stm32mp157cxx_ca7.o
                0x2ffc310c                TIM8_CC_IRQHandler
 .text.DMA1_Stream7_IRQHandler
                0x2ffc3110        0x4 ./Drivers/CMSIS/startup_stm32mp157cxx_ca7.o
                0x2ffc3110                DMA1_Stream7_IRQHandler
 .text.FMC_IRQHandler
                0x2ffc3114        0x4 ./Drivers/CMSIS/startup_stm32mp157cxx_ca7.o
                0x2ffc3114                FMC_IRQHandler
 .text.SDMMC1_IRQHandler
                0x2ffc3118        0x4 ./Drivers/CMSIS/startup_stm32mp157cxx_ca7.o
                0x2ffc3118                SDMMC1_IRQHandler
 .text.TIM5_IRQHandler
                0x2ffc311c        0x4 ./Drivers/CMSIS/startup_stm32mp157cxx_ca7.o
                0x2ffc311c                TIM5_IRQHandler
 .text.SPI3_IRQHandler
                0x2ffc3120        0x4 ./Drivers/CMSIS/startup_stm32mp157cxx_ca7.o
                0x2ffc3120                SPI3_IRQHandler
 .text.UART4_IRQHandler
                0x2ffc3124        0x4 ./Drivers/CMSIS/startup_stm32mp157cxx_ca7.o
                0x2ffc3124                UART4_IRQHandler
 .text.UART5_IRQHandler
                0x2ffc3128        0x4 ./Drivers/CMSIS/startup_stm32mp157cxx_ca7.o
                0x2ffc3128                UART5_IRQHandler
 .text.TIM6_IRQHandler
                0x2ffc312c        0x4 ./Drivers/CMSIS/startup_stm32mp157cxx_ca7.o
                0x2ffc312c                TIM6_IRQHandler
 .text.TIM7_IRQHandler
                0x2ffc3130        0x4 ./Drivers/CMSIS/startup_stm32mp157cxx_ca7.o
                0x2ffc3130                TIM7_IRQHandler
 .text.DMA2_Stream0_IRQHandler
                0x2ffc3134        0x4 ./Drivers/CMSIS/startup_stm32mp157cxx_ca7.o
                0x2ffc3134                DMA2_Stream0_IRQHandler
 .text.DMA2_Stream1_IRQHandler
                0x2ffc3138        0x4 ./Drivers/CMSIS/startup_stm32mp157cxx_ca7.o
                0x2ffc3138                DMA2_Stream1_IRQHandler
 .text.DMA2_Stream2_IRQHandler
                0x2ffc313c        0x4 ./Drivers/CMSIS/startup_stm32mp157cxx_ca7.o
                0x2ffc313c                DMA2_Stream2_IRQHandler
 .text.DMA2_Stream3_IRQHandler
                0x2ffc3140        0x4 ./Drivers/CMSIS/startup_stm32mp157cxx_ca7.o
                0x2ffc3140                DMA2_Stream3_IRQHandler
 .text.DMA2_Stream4_IRQHandler
                0x2ffc3144        0x4 ./Drivers/CMSIS/startup_stm32mp157cxx_ca7.o
                0x2ffc3144                DMA2_Stream4_IRQHandler
 .text.ETH1_IRQHandler
                0x2ffc3148        0x4 ./Drivers/CMSIS/startup_stm32mp157cxx_ca7.o
                0x2ffc3148                ETH1_IRQHandler
 .text.ETH1_WKUP_IRQHandler
                0x2ffc314c        0x4 ./Drivers/CMSIS/startup_stm32mp157cxx_ca7.o
                0x2ffc314c                ETH1_WKUP_IRQHandler
 .text.ETH1_LPI_IRQHandler
                0x2ffc3150        0x4 ./Drivers/CMSIS/startup_stm32mp157cxx_ca7.o
                0x2ffc3150                ETH1_LPI_IRQHandler
 .text.EXTI6_IRQHandler
                0x2ffc3154        0x4 ./Drivers/CMSIS/startup_stm32mp157cxx_ca7.o
                0x2ffc3154                EXTI6_IRQHandler
 .text.EXTI7_IRQHandler
                0x2ffc3158        0x4 ./Drivers/CMSIS/startup_stm32mp157cxx_ca7.o
                0x2ffc3158                EXTI7_IRQHandler
 .text.EXTI8_IRQHandler
                0x2ffc315c        0x4 ./Drivers/CMSIS/startup_stm32mp157cxx_ca7.o
                0x2ffc315c                EXTI8_IRQHandler
 .text.EXTI9_IRQHandler
                0x2ffc3160        0x4 ./Drivers/CMSIS/startup_stm32mp157cxx_ca7.o
                0x2ffc3160                EXTI9_IRQHandler
 .text.DMA2_Stream5_IRQHandler
                0x2ffc3164        0x4 ./Drivers/CMSIS/startup_stm32mp157cxx_ca7.o
                0x2ffc3164                DMA2_Stream5_IRQHandler
 .text.DMA2_Stream6_IRQHandler
                0x2ffc3168        0x4 ./Drivers/CMSIS/startup_stm32mp157cxx_ca7.o
                0x2ffc3168                DMA2_Stream6_IRQHandler
 .text.DMA2_Stream7_IRQHandler
                0x2ffc316c        0x4 ./Drivers/CMSIS/startup_stm32mp157cxx_ca7.o
                0x2ffc316c                DMA2_Stream7_IRQHandler
 .text.USART6_IRQHandler
                0x2ffc3170        0x4 ./Drivers/CMSIS/startup_stm32mp157cxx_ca7.o
                0x2ffc3170                USART6_IRQHandler
 .text.I2C3_EV_IRQHandler
                0x2ffc3174        0x4 ./Drivers/CMSIS/startup_stm32mp157cxx_ca7.o
                0x2ffc3174                I2C3_EV_IRQHandler
 .text.I2C3_ER_IRQHandler
                0x2ffc3178        0x4 ./Drivers/CMSIS/startup_stm32mp157cxx_ca7.o
                0x2ffc3178                I2C3_ER_IRQHandler
 .text.USBH_OHCI_IRQHandler
                0x2ffc317c        0x4 ./Drivers/CMSIS/startup_stm32mp157cxx_ca7.o
                0x2ffc317c                USBH_OHCI_IRQHandler
 .text.USBH_EHCI_IRQHandler
                0x2ffc3180        0x4 ./Drivers/CMSIS/startup_stm32mp157cxx_ca7.o
                0x2ffc3180                USBH_EHCI_IRQHandler
 .text.EXTI12_IRQHandler
                0x2ffc3184        0x4 ./Drivers/CMSIS/startup_stm32mp157cxx_ca7.o
                0x2ffc3184                EXTI12_IRQHandler
 .text.EXTI13_IRQHandler
                0x2ffc3188        0x4 ./Drivers/CMSIS/startup_stm32mp157cxx_ca7.o
                0x2ffc3188                EXTI13_IRQHandler
 .text.DCMI_IRQHandler
                0x2ffc318c        0x4 ./Drivers/CMSIS/startup_stm32mp157cxx_ca7.o
                0x2ffc318c                DCMI_IRQHandler
 .text.CRYP1_IRQHandler
                0x2ffc3190        0x4 ./Drivers/CMSIS/startup_stm32mp157cxx_ca7.o
                0x2ffc3190                CRYP1_IRQHandler
 .text.HASH1_IRQHandler
                0x2ffc3194        0x4 ./Drivers/CMSIS/startup_stm32mp157cxx_ca7.o
                0x2ffc3194                HASH1_IRQHandler
 .text.UART7_IRQHandler
                0x2ffc3198        0x4 ./Drivers/CMSIS/startup_stm32mp157cxx_ca7.o
                0x2ffc3198                UART7_IRQHandler
 .text.UART8_IRQHandler
                0x2ffc319c        0x4 ./Drivers/CMSIS/startup_stm32mp157cxx_ca7.o
                0x2ffc319c                UART8_IRQHandler
 .text.SPI4_IRQHandler
                0x2ffc31a0        0x4 ./Drivers/CMSIS/startup_stm32mp157cxx_ca7.o
                0x2ffc31a0                SPI4_IRQHandler
 .text.SPI5_IRQHandler
                0x2ffc31a4        0x4 ./Drivers/CMSIS/startup_stm32mp157cxx_ca7.o
                0x2ffc31a4                SPI5_IRQHandler
 .text.SPI6_IRQHandler
                0x2ffc31a8        0x4 ./Drivers/CMSIS/startup_stm32mp157cxx_ca7.o
                0x2ffc31a8                SPI6_IRQHandler
 .text.SAI1_IRQHandler
                0x2ffc31ac        0x4 ./Drivers/CMSIS/startup_stm32mp157cxx_ca7.o
                0x2ffc31ac                SAI1_IRQHandler
 .text.LTDC_IRQHandler
                0x2ffc31b0        0x4 ./Drivers/CMSIS/startup_stm32mp157cxx_ca7.o
                0x2ffc31b0                LTDC_IRQHandler
 .text.LTDC_ER_IRQHandler
                0x2ffc31b4        0x4 ./Drivers/CMSIS/startup_stm32mp157cxx_ca7.o
                0x2ffc31b4                LTDC_ER_IRQHandler
 .text.SAI2_IRQHandler
                0x2ffc31b8        0x4 ./Drivers/CMSIS/startup_stm32mp157cxx_ca7.o
                0x2ffc31b8                SAI2_IRQHandler
 .text.QUADSPI_IRQHandler
                0x2ffc31bc        0x4 ./Drivers/CMSIS/startup_stm32mp157cxx_ca7.o
                0x2ffc31bc                QUADSPI_IRQHandler
 .text.LPTIM1_IRQHandler
                0x2ffc31c0        0x4 ./Drivers/CMSIS/startup_stm32mp157cxx_ca7.o
                0x2ffc31c0                LPTIM1_IRQHandler
 .text.CEC_IRQHandler
                0x2ffc31c4        0x4 ./Drivers/CMSIS/startup_stm32mp157cxx_ca7.o
                0x2ffc31c4                CEC_IRQHandler
 .text.I2C4_EV_IRQHandler
                0x2ffc31c8        0x4 ./Drivers/CMSIS/startup_stm32mp157cxx_ca7.o
                0x2ffc31c8                I2C4_EV_IRQHandler
 .text.I2C4_ER_IRQHandler
                0x2ffc31cc        0x4 ./Drivers/CMSIS/startup_stm32mp157cxx_ca7.o
                0x2ffc31cc                I2C4_ER_IRQHandler
 .text.SPDIF_RX_IRQHandler
                0x2ffc31d0        0x4 ./Drivers/CMSIS/startup_stm32mp157cxx_ca7.o
                0x2ffc31d0                SPDIF_RX_IRQHandler
 .text.OTG_IRQHandler
                0x2ffc31d4        0x4 ./Drivers/CMSIS/startup_stm32mp157cxx_ca7.o
                0x2ffc31d4                OTG_IRQHandler
 .text.IPCC_RX0_IRQHandler
                0x2ffc31d8        0x4 ./Drivers/CMSIS/startup_stm32mp157cxx_ca7.o
                0x2ffc31d8                IPCC_RX0_IRQHandler
 .text.IPCC_TX0_IRQHandler
                0x2ffc31dc        0x4 ./Drivers/CMSIS/startup_stm32mp157cxx_ca7.o
                0x2ffc31dc                IPCC_TX0_IRQHandler
 .text.DMAMUX1_OVR_IRQHandler
                0x2ffc31e0        0x4 ./Drivers/CMSIS/startup_stm32mp157cxx_ca7.o
                0x2ffc31e0                DMAMUX1_OVR_IRQHandler
 .text.IPCC_RX1_IRQHandler
                0x2ffc31e4        0x4 ./Drivers/CMSIS/startup_stm32mp157cxx_ca7.o
                0x2ffc31e4                IPCC_RX1_IRQHandler
 .text.IPCC_TX1_IRQHandler
                0x2ffc31e8        0x4 ./Drivers/CMSIS/startup_stm32mp157cxx_ca7.o
                0x2ffc31e8                IPCC_TX1_IRQHandler
 .text.CRYP2_IRQHandler
                0x2ffc31ec        0x4 ./Drivers/CMSIS/startup_stm32mp157cxx_ca7.o
                0x2ffc31ec                CRYP2_IRQHandler
 .text.HASH2_IRQHandler
                0x2ffc31f0        0x4 ./Drivers/CMSIS/startup_stm32mp157cxx_ca7.o
                0x2ffc31f0                HASH2_IRQHandler
 .text.I2C5_EV_IRQHandler
                0x2ffc31f4        0x4 ./Drivers/CMSIS/startup_stm32mp157cxx_ca7.o
                0x2ffc31f4                I2C5_EV_IRQHandler
 .text.I2C5_ER_IRQHandler
                0x2ffc31f8        0x4 ./Drivers/CMSIS/startup_stm32mp157cxx_ca7.o
                0x2ffc31f8                I2C5_ER_IRQHandler
 .text.GPU_IRQHandler
                0x2ffc31fc        0x4 ./Drivers/CMSIS/startup_stm32mp157cxx_ca7.o
                0x2ffc31fc                GPU_IRQHandler
 .text.DFSDM1_FLT0_IRQHandler
                0x2ffc3200        0x4 ./Drivers/CMSIS/startup_stm32mp157cxx_ca7.o
                0x2ffc3200                DFSDM1_FLT0_IRQHandler
 .text.DFSDM1_FLT1_IRQHandler
                0x2ffc3204        0x4 ./Drivers/CMSIS/startup_stm32mp157cxx_ca7.o
                0x2ffc3204                DFSDM1_FLT1_IRQHandler
 .text.DFSDM1_FLT2_IRQHandler
                0x2ffc3208        0x4 ./Drivers/CMSIS/startup_stm32mp157cxx_ca7.o
                0x2ffc3208                DFSDM1_FLT2_IRQHandler
 .text.DFSDM1_FLT3_IRQHandler
                0x2ffc320c        0x4 ./Drivers/CMSIS/startup_stm32mp157cxx_ca7.o
                0x2ffc320c                DFSDM1_FLT3_IRQHandler
 .text.SAI3_IRQHandler
                0x2ffc3210        0x4 ./Drivers/CMSIS/startup_stm32mp157cxx_ca7.o
                0x2ffc3210                SAI3_IRQHandler
 .text.TIM15_IRQHandler
                0x2ffc3214        0x4 ./Drivers/CMSIS/startup_stm32mp157cxx_ca7.o
                0x2ffc3214                TIM15_IRQHandler
 .text.TIM16_IRQHandler
                0x2ffc3218        0x4 ./Drivers/CMSIS/startup_stm32mp157cxx_ca7.o
                0x2ffc3218                TIM16_IRQHandler
 .text.TIM17_IRQHandler
                0x2ffc321c        0x4 ./Drivers/CMSIS/startup_stm32mp157cxx_ca7.o
                0x2ffc321c                TIM17_IRQHandler
 .text.TIM12_IRQHandler
                0x2ffc3220        0x4 ./Drivers/CMSIS/startup_stm32mp157cxx_ca7.o
                0x2ffc3220                TIM12_IRQHandler
 .text.MDIOS_IRQHandler
                0x2ffc3224        0x4 ./Drivers/CMSIS/startup_stm32mp157cxx_ca7.o
                0x2ffc3224                MDIOS_IRQHandler
 .text.EXTI14_IRQHandler
                0x2ffc3228        0x4 ./Drivers/CMSIS/startup_stm32mp157cxx_ca7.o
                0x2ffc3228                EXTI14_IRQHandler
 .text.MDMA_IRQHandler
                0x2ffc322c        0x4 ./Drivers/CMSIS/startup_stm32mp157cxx_ca7.o
                0x2ffc322c                MDMA_IRQHandler
 .text.DSI_IRQHandler
                0x2ffc3230        0x4 ./Drivers/CMSIS/startup_stm32mp157cxx_ca7.o
                0x2ffc3230                DSI_IRQHandler
 .text.SDMMC2_IRQHandler
                0x2ffc3234        0x4 ./Drivers/CMSIS/startup_stm32mp157cxx_ca7.o
                0x2ffc3234                SDMMC2_IRQHandler
 .text.HSEM_IT1_IRQHandler
                0x2ffc3238        0x4 ./Drivers/CMSIS/startup_stm32mp157cxx_ca7.o
                0x2ffc3238                HSEM_IT1_IRQHandler
 .text.EXTI15_IRQHandler
                0x2ffc323c        0x4 ./Drivers/CMSIS/startup_stm32mp157cxx_ca7.o
                0x2ffc323c                EXTI15_IRQHandler
 .text.TIM13_IRQHandler
                0x2ffc3240        0x4 ./Drivers/CMSIS/startup_stm32mp157cxx_ca7.o
                0x2ffc3240                TIM13_IRQHandler
 .text.TIM14_IRQHandler
                0x2ffc3244        0x4 ./Drivers/CMSIS/startup_stm32mp157cxx_ca7.o
                0x2ffc3244                TIM14_IRQHandler
 .text.DAC_IRQHandler
                0x2ffc3248        0x4 ./Drivers/CMSIS/startup_stm32mp157cxx_ca7.o
                0x2ffc3248                DAC_IRQHandler
 .text.RNG1_IRQHandler
                0x2ffc324c        0x4 ./Drivers/CMSIS/startup_stm32mp157cxx_ca7.o
                0x2ffc324c                RNG1_IRQHandler
 .text.RNG2_IRQHandler
                0x2ffc3250        0x4 ./Drivers/CMSIS/startup_stm32mp157cxx_ca7.o
                0x2ffc3250                RNG2_IRQHandler
 .text.I2C6_EV_IRQHandler
                0x2ffc3254        0x4 ./Drivers/CMSIS/startup_stm32mp157cxx_ca7.o
                0x2ffc3254                I2C6_EV_IRQHandler
 .text.I2C6_ER_IRQHandler
                0x2ffc3258        0x4 ./Drivers/CMSIS/startup_stm32mp157cxx_ca7.o
                0x2ffc3258                I2C6_ER_IRQHandler
 .text.SDMMC3_IRQHandler
                0x2ffc325c        0x4 ./Drivers/CMSIS/startup_stm32mp157cxx_ca7.o
                0x2ffc325c                SDMMC3_IRQHandler
 .text.LPTIM2_IRQHandler
                0x2ffc3260        0x4 ./Drivers/CMSIS/startup_stm32mp157cxx_ca7.o
                0x2ffc3260                LPTIM2_IRQHandler
 .text.LPTIM3_IRQHandler
                0x2ffc3264        0x4 ./Drivers/CMSIS/startup_stm32mp157cxx_ca7.o
                0x2ffc3264                LPTIM3_IRQHandler
 .text.LPTIM4_IRQHandler
                0x2ffc3268        0x4 ./Drivers/CMSIS/startup_stm32mp157cxx_ca7.o
                0x2ffc3268                LPTIM4_IRQHandler
 .text.LPTIM5_IRQHandler
                0x2ffc326c        0x4 ./Drivers/CMSIS/startup_stm32mp157cxx_ca7.o
                0x2ffc326c                LPTIM5_IRQHandler
 .text.MCU_SEV_IRQHandler
                0x2ffc3270        0x4 ./Drivers/CMSIS/startup_stm32mp157cxx_ca7.o
                0x2ffc3270                MCU_SEV_IRQHandler
 .text.SAI4_IRQHandler
                0x2ffc3274        0x4 ./Drivers/CMSIS/startup_stm32mp157cxx_ca7.o
                0x2ffc3274                SAI4_IRQHandler
 .text.DTS_IRQHandler
                0x2ffc3278        0x4 ./Drivers/CMSIS/startup_stm32mp157cxx_ca7.o
                0x2ffc3278                DTS_IRQHandler
 .text.WAKEUP_PIN_IRQHandler
                0x2ffc327c        0x4 ./Drivers/CMSIS/startup_stm32mp157cxx_ca7.o
                0x2ffc327c                WAKEUP_PIN_IRQHandler
 .text.DFSDM1_FLT4_IRQHandler
                0x2ffc3280        0x4 ./Drivers/CMSIS/startup_stm32mp157cxx_ca7.o
                0x2ffc3280                DFSDM1_FLT4_IRQHandler
 .text.DFSDM1_FLT5_IRQHandler
                0x2ffc3284        0x4 ./Drivers/CMSIS/startup_stm32mp157cxx_ca7.o
                0x2ffc3284                DFSDM1_FLT5_IRQHandler
 .text.MDMA_SEC_IT_IRQHandler
                0x2ffc3288        0x4 ./Drivers/CMSIS/startup_stm32mp157cxx_ca7.o
                0x2ffc3288                MDMA_SEC_IT_IRQHandler
 .text.SYSRESETQ_IRQHandler
                0x2ffc328c        0x4 ./Drivers/CMSIS/startup_stm32mp157cxx_ca7.o
                0x2ffc328c                SYSRESETQ_IRQHandler
 .text.TAMP_SERR_S_IRQHandler
                0x2ffc3290        0x4 ./Drivers/CMSIS/startup_stm32mp157cxx_ca7.o
                0x2ffc3290                TAMP_SERR_S_IRQHandler
 .text.IWDG1_IRQHandler
                0x2ffc3294        0x4 ./Drivers/CMSIS/startup_stm32mp157cxx_ca7.o
                0x2ffc3294                IWDG1_IRQHandler
 .text.IWDG2_IRQHandler
                0x2ffc3298        0x4 ./Drivers/CMSIS/startup_stm32mp157cxx_ca7.o
                0x2ffc3298                IWDG2_IRQHandler
 .text.RTC_WKUP_ALARM_S_IRQHandler
                0x2ffc329c        0x4 ./Drivers/CMSIS/startup_stm32mp157cxx_ca7.o
                0x2ffc329c                RTC_WKUP_ALARM_S_IRQHandler
 .text.RTC_TS_SERR_S_IRQHandler
                0x2ffc32a0        0x4 ./Drivers/CMSIS/startup_stm32mp157cxx_ca7.o
                0x2ffc32a0                RTC_TS_SERR_S_IRQHandler
 .text.Default_Handler
                0x2ffc32a4        0x4 ./Drivers/CMSIS/startup_stm32mp157cxx_ca7.o
                0x2ffc32a4                Undef_Handler
                0x2ffc32a4                Rsvd_Handler
                0x2ffc32a4                Default_Handler
                0x2ffc32a4                DAbt_Handler
                0x2ffc32a4                FIQ_Handler
                0x2ffc32a4                PAbt_Handler
 .text.SecurePhysicalTimer_IRQHandler
                0x2ffc32a8       0x20 ./Drivers/CMSIS/system_stm32mp1xx_A7.o
                0x2ffc32a8                SecurePhysicalTimer_IRQHandler
 .text.IRQ_Handler
                0x2ffc32c8       0x44 ./Drivers/CMSIS/system_stm32mp1xx_A7.o
                0x2ffc32c8                IRQ_Handler
 .text.ZeroBss  0x2ffc330c       0x28 ./Drivers/CMSIS/system_stm32mp1xx_A7.o
                0x2ffc330c                ZeroBss
 .text.SystemInit
                0x2ffc3334      0x1b4 ./Drivers/CMSIS/system_stm32mp1xx_A7.o
                0x2ffc3334                SystemInit
 .text.HAL_InitTick
                0x2ffc34e8       0x20 ./Drivers/STM32MP1xx_HAL_Driver/stm32mp1xx_hal.o
                0x2ffc34e8                HAL_InitTick
 .text.HAL_Init
                0x2ffc3508       0x28 ./Drivers/STM32MP1xx_HAL_Driver/stm32mp1xx_hal.o
                0x2ffc3508                HAL_Init
 .text.HAL_IncTick
                0x2ffc3530       0x1c ./Drivers/STM32MP1xx_HAL_Driver/stm32mp1xx_hal.o
                0x2ffc3530                HAL_IncTick
 .text.HAL_GetTick
                0x2ffc354c       0x34 ./Drivers/STM32MP1xx_HAL_Driver/stm32mp1xx_hal.o
                0x2ffc354c                HAL_GetTick
 .text.HAL_Delay
                0x2ffc3580       0x28 ./Drivers/STM32MP1xx_HAL_Driver/stm32mp1xx_hal.o
                0x2ffc3580                HAL_Delay
 .text.ddrphy_idone_wait
                0x2ffc35a8       0x5c ./Drivers/STM32MP1xx_HAL_Driver/stm32mp1xx_hal_ddr.o
 .text.wait_sw_done_ack
                0x2ffc3604       0x54 ./Drivers/STM32MP1xx_HAL_Driver/stm32mp1xx_hal_ddr.o
 .text.wait_operating_mode
                0x2ffc3658       0x90 ./Drivers/STM32MP1xx_HAL_Driver/stm32mp1xx_hal_ddr.o
 .text.disable_axi_port
                0x2ffc36e8       0x6c ./Drivers/STM32MP1xx_HAL_Driver/stm32mp1xx_hal_ddr.o
 .text.disable_host_interface
                0x2ffc3754       0x80 ./Drivers/STM32MP1xx_HAL_Driver/stm32mp1xx_hal_ddr.o
 .text.wait_refresh_update_done_ack
                0x2ffc37d4       0x74 ./Drivers/STM32MP1xx_HAL_Driver/stm32mp1xx_hal_ddr.o
 .text.mode_register_write
                0x2ffc3848       0x94 ./Drivers/STM32MP1xx_HAL_Driver/stm32mp1xx_hal_ddr.o
 .text.found_reg
                0x2ffc38dc       0x58 ./Drivers/STM32MP1xx_HAL_Driver/stm32mp1xx_hal_ddr.o
 .text.dump_reg_desc
                0x2ffc3934       0xb8 ./Drivers/STM32MP1xx_HAL_Driver/stm32mp1xx_hal_ddr.o
 .text.HAL_DDR_ASS_Set_Clksrc
                0x2ffc39ec       0x68 ./Drivers/STM32MP1xx_HAL_Driver/stm32mp1xx_hal_ddr.o
                0x2ffc39ec                HAL_DDR_ASS_Set_Clksrc
 .text.HAL_DDR_Convert_Case
                0x2ffc3a54       0x48 ./Drivers/STM32MP1xx_HAL_Driver/stm32mp1xx_hal_ddr.o
                0x2ffc3a54                HAL_DDR_Convert_Case
 .text.HAL_DDR_Dump_Reg
                0x2ffc3a9c      0x1e4 ./Drivers/STM32MP1xx_HAL_Driver/stm32mp1xx_hal_ddr.o
                0x2ffc3a9c                HAL_DDR_Dump_Reg
 .text.HAL_DDR_Edit_Reg
                0x2ffc3c80       0xd8 ./Drivers/STM32MP1xx_HAL_Driver/stm32mp1xx_hal_ddr.o
                0x2ffc3c80                HAL_DDR_Edit_Reg
 .text.HAL_DDR_Dump_Param
                0x2ffc3d58      0x224 ./Drivers/STM32MP1xx_HAL_Driver/stm32mp1xx_hal_ddr.o
                0x2ffc3d58                HAL_DDR_Dump_Param
 .text.HAL_DDR_Edit_Param
                0x2ffc3f7c       0xf4 ./Drivers/STM32MP1xx_HAL_Driver/stm32mp1xx_hal_ddr.o
                0x2ffc3f7c                HAL_DDR_Edit_Param
 .text.HAL_DDR_SR_SetMode
                0x2ffc4070      0x29c ./Drivers/STM32MP1xx_HAL_Driver/stm32mp1xx_hal_ddr.o
                0x2ffc4070                HAL_DDR_SR_SetMode
 .text.HAL_DDR_Init
                0x2ffc430c      0x9fc ./Drivers/STM32MP1xx_HAL_Driver/stm32mp1xx_hal_ddr.o
                0x2ffc430c                HAL_DDR_Init
 .text.HAL_GPIO_Init
                0x2ffc4d08      0x2c4 ./Drivers/STM32MP1xx_HAL_Driver/stm32mp1xx_hal_gpio.o
                0x2ffc4d08                HAL_GPIO_Init
 .text.HAL_GPIO_DeInit
                0x2ffc4fcc      0x200 ./Drivers/STM32MP1xx_HAL_Driver/stm32mp1xx_hal_gpio.o
                0x2ffc4fcc                HAL_GPIO_DeInit
 .text.HAL_GPIO_WritePin
                0x2ffc51cc        0x8 ./Drivers/STM32MP1xx_HAL_Driver/stm32mp1xx_hal_gpio.o
                0x2ffc51cc                HAL_GPIO_WritePin
 .text.HAL_GPIO_TogglePin
                0x2ffc51d4        0xc ./Drivers/STM32MP1xx_HAL_Driver/stm32mp1xx_hal_gpio.o
                0x2ffc51d4                HAL_GPIO_TogglePin
 .text.I2C_IsErrorOccurred
                0x2ffc51e0      0x154 ./Drivers/STM32MP1xx_HAL_Driver/stm32mp1xx_hal_i2c.o
 .text.I2C_WaitOnTXISFlagUntilTimeout
                0x2ffc5334       0x58 ./Drivers/STM32MP1xx_HAL_Driver/stm32mp1xx_hal_i2c.o
 .text.I2C_WaitOnSTOPFlagUntilTimeout
                0x2ffc538c       0x54 ./Drivers/STM32MP1xx_HAL_Driver/stm32mp1xx_hal_i2c.o
 .text.I2C_RequestMemoryWrite
                0x2ffc53e0       0xb4 ./Drivers/STM32MP1xx_HAL_Driver/stm32mp1xx_hal_i2c.o
 .text.I2C_RequestMemoryRead
                0x2ffc5494       0xb0 ./Drivers/STM32MP1xx_HAL_Driver/stm32mp1xx_hal_i2c.o
 .text.HAL_I2C_MspInit
                0x2ffc5544        0x4 ./Drivers/STM32MP1xx_HAL_Driver/stm32mp1xx_hal_i2c.o
                0x2ffc5544                HAL_I2C_MspInit
 .text.HAL_I2C_Init
                0x2ffc5548       0xac ./Drivers/STM32MP1xx_HAL_Driver/stm32mp1xx_hal_i2c.o
                0x2ffc5548                HAL_I2C_Init
 .text.HAL_I2C_Mem_Write
                0x2ffc55f4      0x210 ./Drivers/STM32MP1xx_HAL_Driver/stm32mp1xx_hal_i2c.o
                0x2ffc55f4                HAL_I2C_Mem_Write
 .text.HAL_I2C_Mem_Read
                0x2ffc5804      0x220 ./Drivers/STM32MP1xx_HAL_Driver/stm32mp1xx_hal_i2c.o
                0x2ffc5804                HAL_I2C_Mem_Read
 .text.HAL_I2C_IsDeviceReady
                0x2ffc5a24      0x19c ./Drivers/STM32MP1xx_HAL_Driver/stm32mp1xx_hal_i2c.o
                0x2ffc5a24                HAL_I2C_IsDeviceReady
 .text.HAL_I2C_GetState
                0x2ffc5bc0        0x8 ./Drivers/STM32MP1xx_HAL_Driver/stm32mp1xx_hal_i2c.o
                0x2ffc5bc0                HAL_I2C_GetState
 .text.HAL_RCC_DeInit
                0x2ffc5bc8      0x2d8 ./Drivers/STM32MP1xx_HAL_Driver/stm32mp1xx_hal_rcc.o
                0x2ffc5bc8                HAL_RCC_DeInit
 .text.HAL_RCC_HSEConfig
                0x2ffc5ea0       0x7c ./Drivers/STM32MP1xx_HAL_Driver/stm32mp1xx_hal_rcc.o
                0x2ffc5ea0                HAL_RCC_HSEConfig
 .text.HAL_RCC_LSEConfig
                0x2ffc5f1c       0x98 ./Drivers/STM32MP1xx_HAL_Driver/stm32mp1xx_hal_rcc.o
                0x2ffc5f1c                HAL_RCC_LSEConfig
 .text.RCC_PLL1_Config
                0x2ffc5fb4      0x210 ./Drivers/STM32MP1xx_HAL_Driver/stm32mp1xx_hal_rcc.o
                0x2ffc5fb4                RCC_PLL1_Config
 .text.RCC_AXISSConfig
                0x2ffc61c4       0xe0 ./Drivers/STM32MP1xx_HAL_Driver/stm32mp1xx_hal_rcc.o
                0x2ffc61c4                RCC_AXISSConfig
 .text.RCC_MCUConfig
                0x2ffc62a4       0xac ./Drivers/STM32MP1xx_HAL_Driver/stm32mp1xx_hal_rcc.o
                0x2ffc62a4                RCC_MCUConfig
 .text.HAL_RCC_GetPLL1ClockFreq
                0x2ffc6350      0x110 ./Drivers/STM32MP1xx_HAL_Driver/stm32mp1xx_hal_rcc.o
                0x2ffc6350                HAL_RCC_GetPLL1ClockFreq
 .text.HAL_RCC_GetPLL2ClockFreq
                0x2ffc6460      0x110 ./Drivers/STM32MP1xx_HAL_Driver/stm32mp1xx_hal_rcc.o
                0x2ffc6460                HAL_RCC_GetPLL2ClockFreq
 .text.HAL_RCC_GetPLL3ClockFreq
                0x2ffc6570      0x138 ./Drivers/STM32MP1xx_HAL_Driver/stm32mp1xx_hal_rcc.o
                0x2ffc6570                HAL_RCC_GetPLL3ClockFreq
 .text.HAL_RCC_GetPLL4ClockFreq
                0x2ffc66a8      0x148 ./Drivers/STM32MP1xx_HAL_Driver/stm32mp1xx_hal_rcc.o
                0x2ffc66a8                HAL_RCC_GetPLL4ClockFreq
 .text.HAL_RCC_GetPCLK1Freq
                0x2ffc67f0       0x80 ./Drivers/STM32MP1xx_HAL_Driver/stm32mp1xx_hal_rcc.o
                0x2ffc67f0                HAL_RCC_GetPCLK1Freq
 .text.HAL_RCC_GetPCLK2Freq
                0x2ffc6870       0x80 ./Drivers/STM32MP1xx_HAL_Driver/stm32mp1xx_hal_rcc.o
                0x2ffc6870                HAL_RCC_GetPCLK2Freq
 .text.HAL_RCC_GetMPUSSFreq
                0x2ffc68f0       0x84 ./Drivers/STM32MP1xx_HAL_Driver/stm32mp1xx_hal_rcc.o
                0x2ffc68f0                HAL_RCC_GetMPUSSFreq
 .text.HAL_RCC_GetSystemCoreClockFreq
                0x2ffc6974        0x4 ./Drivers/STM32MP1xx_HAL_Driver/stm32mp1xx_hal_rcc.o
                0x2ffc6974                HAL_RCC_GetSystemCoreClockFreq
 .text.HAL_RCC_OscConfig
                0x2ffc6978      0x45c ./Drivers/STM32MP1xx_HAL_Driver/stm32mp1xx_hal_rcc.o
                0x2ffc6978                HAL_RCC_OscConfig
 .text.RCC_MPUConfig
                0x2ffc6dd4       0xa4 ./Drivers/STM32MP1xx_HAL_Driver/stm32mp1xx_hal_rcc.o
                0x2ffc6dd4                RCC_MPUConfig
 .text.HAL_RCC_ClockConfig
                0x2ffc6e78      0x164 ./Drivers/STM32MP1xx_HAL_Driver/stm32mp1xx_hal_rcc.o
                0x2ffc6e78                HAL_RCC_ClockConfig
 .text.HAL_RCC_GetAXISSFreq
                0x2ffc6fdc       0x58 ./Drivers/STM32MP1xx_HAL_Driver/stm32mp1xx_hal_rcc.o
                0x2ffc6fdc                HAL_RCC_GetAXISSFreq
 .text.HAL_RCC_GetPCLK5Freq
                0x2ffc7034       0x2c ./Drivers/STM32MP1xx_HAL_Driver/stm32mp1xx_hal_rcc.o
                0x2ffc7034                HAL_RCC_GetPCLK5Freq
 .text.RCCEx_PLL2_Config
                0x2ffc7060      0x220 ./Drivers/STM32MP1xx_HAL_Driver/stm32mp1xx_hal_rcc_ex.o
                0x2ffc7060                RCCEx_PLL2_Config
 .text.RCCEx_PLL3_Config
                0x2ffc7280      0x1e4 ./Drivers/STM32MP1xx_HAL_Driver/stm32mp1xx_hal_rcc_ex.o
                0x2ffc7280                RCCEx_PLL3_Config
 .text.RCCEx_PLL4_Config
                0x2ffc7464      0x1c8 ./Drivers/STM32MP1xx_HAL_Driver/stm32mp1xx_hal_rcc_ex.o
                0x2ffc7464                RCCEx_PLL4_Config
 .text.HAL_RCCEx_PeriphCLKConfig
                0x2ffc762c      0xf98 ./Drivers/STM32MP1xx_HAL_Driver/stm32mp1xx_hal_rcc_ex.o
                0x2ffc762c                HAL_RCCEx_PeriphCLKConfig
 .text.HAL_UART_DeInit
                0x2ffc85c4       0x3c ./Drivers/STM32MP1xx_HAL_Driver/stm32mp1xx_hal_uart.o
                0x2ffc85c4                HAL_UART_DeInit
 .text.UART_SetConfig
                0x2ffc8600      0x4b4 ./Drivers/STM32MP1xx_HAL_Driver/stm32mp1xx_hal_uart.o
                0x2ffc8600                UART_SetConfig
 .text.UART_AdvFeatureConfig
                0x2ffc8ab4       0xb0 ./Drivers/STM32MP1xx_HAL_Driver/stm32mp1xx_hal_uart.o
                0x2ffc8ab4                UART_AdvFeatureConfig
 .text.UART_WaitOnFlagUntilTimeout
                0x2ffc8b64       0xa8 ./Drivers/STM32MP1xx_HAL_Driver/stm32mp1xx_hal_uart.o
                0x2ffc8b64                UART_WaitOnFlagUntilTimeout
 .text.HAL_UART_Transmit
                0x2ffc8c0c       0xe0 ./Drivers/STM32MP1xx_HAL_Driver/stm32mp1xx_hal_uart.o
                0x2ffc8c0c                HAL_UART_Transmit
 .text.HAL_UART_Receive
                0x2ffc8cec       0xf8 ./Drivers/STM32MP1xx_HAL_Driver/stm32mp1xx_hal_uart.o
                0x2ffc8cec                HAL_UART_Receive
 .text.UART_CheckIdleState
                0x2ffc8de4       0x74 ./Drivers/STM32MP1xx_HAL_Driver/stm32mp1xx_hal_uart.o
                0x2ffc8de4                UART_CheckIdleState
 .text.HAL_UART_Init
                0x2ffc8e58       0x68 ./Drivers/STM32MP1xx_HAL_Driver/stm32mp1xx_hal_uart.o
                0x2ffc8e58                HAL_UART_Init
 .text.UARTEx_SetNbDataToProcess
                0x2ffc8ec0       0x7c ./Drivers/STM32MP1xx_HAL_Driver/stm32mp1xx_hal_uart_ex.o
 .text.HAL_UARTEx_EnableFifoMode
                0x2ffc8f3c       0x40 ./Drivers/STM32MP1xx_HAL_Driver/stm32mp1xx_hal_uart_ex.o
                0x2ffc8f3c                HAL_UARTEx_EnableFifoMode
 .text.HAL_UARTEx_SetTxFifoThreshold
                0x2ffc8f7c       0x44 ./Drivers/STM32MP1xx_HAL_Driver/stm32mp1xx_hal_uart_ex.o
                0x2ffc8f7c                HAL_UARTEx_SetTxFifoThreshold
 .text.HAL_UARTEx_SetRxFifoThreshold
                0x2ffc8fc0       0x44 ./Drivers/STM32MP1xx_HAL_Driver/stm32mp1xx_hal_uart_ex.o
                0x2ffc8fc0                HAL_UARTEx_SetRxFifoThreshold
 .text.get_buf_size
                0x2ffc9004       0x74 ./User/ddr_tests.o
 .text.test_databuswalk
                0x2ffc9078      0x118 ./User/ddr_tests.o
 .text.DDR_Test_Databus
                0x2ffc9190       0x60 ./User/ddr_tests.o
                0x2ffc9190                DDR_Test_Databus
 .text.DDR_Test_DatabusWalk0
                0x2ffc91f0        0xc ./User/ddr_tests.o
                0x2ffc91f0                DDR_Test_DatabusWalk0
 .text.DDR_Test_DatabusWalk1
                0x2ffc91fc        0xc ./User/ddr_tests.o
                0x2ffc91fc                DDR_Test_DatabusWalk1
 .text.DDR_Test_AddressBus
                0x2ffc9208      0x1dc ./User/ddr_tests.o
                0x2ffc9208                DDR_Test_AddressBus
 .text.DDR_Test_MemDevice
                0x2ffc93e4       0xcc ./User/ddr_tests.o
                0x2ffc93e4                DDR_Test_MemDevice
 .text.DDR_Test_SimultaneousSwitchingOutput
                0x2ffc94b0       0xc4 ./User/ddr_tests.o
                0x2ffc94b0                DDR_Test_SimultaneousSwitchingOutput
 .text.DDR_Test_Noise
                0x2ffc9574       0xe4 ./User/ddr_tests.o
                0x2ffc9574                DDR_Test_Noise
 .text.DDR_Test_NoiseBurst
                0x2ffc9658      0x104 ./User/ddr_tests.o
                0x2ffc9658                DDR_Test_NoiseBurst
 .text.DDR_Test_Random
                0x2ffc975c      0x128 ./User/ddr_tests.o
                0x2ffc975c                DDR_Test_Random
 .text.DDR_Test_FrequencySelectivePattern
                0x2ffc9884      0x154 ./User/ddr_tests.o
                0x2ffc9884                DDR_Test_FrequencySelectivePattern
 .text.DDR_Test_BlockSequential
                0x2ffc99d8       0xf8 ./User/ddr_tests.o
                0x2ffc99d8                DDR_Test_BlockSequential
 .text.DDR_Test_Checkerboard
                0x2ffc9ad0       0xf0 ./User/ddr_tests.o
                0x2ffc9ad0                DDR_Test_Checkerboard
 .text.DDR_Test_BitSpread
                0x2ffc9bc0      0x144 ./User/ddr_tests.o
                0x2ffc9bc0                DDR_Test_BitSpread
 .text.DDR_Test_BitFlip
                0x2ffc9d04      0x120 ./User/ddr_tests.o
                0x2ffc9d04                DDR_Test_BitFlip
 .text.DDR_Test_WalkingZeroes
                0x2ffc9e24      0x100 ./User/ddr_tests.o
                0x2ffc9e24                DDR_Test_WalkingZeroes
 .text.DDR_Test_WalkingOnes
                0x2ffc9f24       0xf4 ./User/ddr_tests.o
                0x2ffc9f24                DDR_Test_WalkingOnes
 .text.DDR_Test_All
                0x2ffca018       0xfc ./User/ddr_tool.o
 .text.print_subcmd_usage.constprop.0
                0x2ffca114       0x48 ./User/ddr_tool.o
 *fill*         0x2ffca15c        0x4 
 .text.HAL_DDR_Interactive
                0x2ffca160      0xd48 ./User/ddr_tool.o
                0x2ffca160                HAL_DDR_Interactive
 .text.Serial_Scanf
                0x2ffcaea8       0x4c ./User/ddr_tool_util.o
                0x2ffcaea8                Serial_Scanf
 .text.Serial_Putchar
                0x2ffcaef4       0x28 ./User/ddr_tool_util.o
                0x2ffcaef4                Serial_Putchar
 .text.Error_Handler
                0x2ffcaf1c       0x48 ./User/ddr_tool_util.o
                0x2ffcaf1c                Error_Handler
 *fill*         0x2ffcaf64        0x4 
 .text.UART_Config
                0x2ffcaf68       0xb8 ./User/ddr_tool_util.o
                0x2ffcaf68                UART_Config
 .text.SystemClock_Config
                0x2ffcb020      0x178 ./User/main.o
 .text.startup.main
                0x2ffcb198       0xac ./User/main.o
                0x2ffcb198                main
 .text.__io_putchar
                0x2ffcb244       0x24 ./User/main.o
                0x2ffcb244                __io_putchar
 .text.HAL_MspInit
                0x2ffcb268        0x4 ./User/stm32mp1xx_hal_msp.o
                0x2ffcb268                HAL_MspInit
 *fill*         0x2ffcb26c        0x4 
 .text.HAL_UART_MspInit
                0x2ffcb270       0x78 ./User/stm32mp1xx_hal_msp.o
                0x2ffcb270                HAL_UART_MspInit
 .text.HAL_UART_MspDeInit
                0x2ffcb2e8       0x34 ./User/stm32mp1xx_hal_msp.o
                0x2ffcb2e8                HAL_UART_MspDeInit
 .text.HAL_DDR_MspInit
                0x2ffcb31c       0x58 ./User/stm32mp1xx_hal_msp.o
                0x2ffcb31c                HAL_DDR_MspInit
 .text.SVC_Handler
                0x2ffcb374        0x4 ./User/stm32mp1xx_it.o
                0x2ffcb374                SVC_Handler
 .text.malloc   0x2ffcb378       0x10 /opt/st/stm32cubeide_1.16.0/plugins/com.st.stm32cube.ide.mcu.externaltools.gnu-tools-for-stm32.12.3.rel1.linux64_1.0.200.202406132123/tools/bin/../lib/gcc/arm-none-eabi/12.3.1/../../../../arm-none-eabi/lib/thumb/v7ve+simd/hard/libc_nano.a(libc_a-malloc.o)
                0x2ffcb378                malloc
 .text.free     0x2ffcb388       0x10 /opt/st/stm32cubeide_1.16.0/plugins/com.st.stm32cube.ide.mcu.externaltools.gnu-tools-for-stm32.12.3.rel1.linux64_1.0.200.202406132123/tools/bin/../lib/gcc/arm-none-eabi/12.3.1/../../../../arm-none-eabi/lib/thumb/v7ve+simd/hard/libc_nano.a(libc_a-malloc.o)
                0x2ffcb388                free
 .text.sbrk_aligned
                0x2ffcb398       0x44 /opt/st/stm32cubeide_1.16.0/plugins/com.st.stm32cube.ide.mcu.externaltools.gnu-tools-for-stm32.12.3.rel1.linux64_1.0.200.202406132123/tools/bin/../lib/gcc/arm-none-eabi/12.3.1/../../../../arm-none-eabi/lib/thumb/v7ve+simd/hard/libc_nano.a(libc_a-mallocr.o)
 .text._malloc_r
                0x2ffcb3dc       0xfc /opt/st/stm32cubeide_1.16.0/plugins/com.st.stm32cube.ide.mcu.externaltools.gnu-tools-for-stm32.12.3.rel1.linux64_1.0.200.202406132123/tools/bin/../lib/gcc/arm-none-eabi/12.3.1/../../../../arm-none-eabi/lib/thumb/v7ve+simd/hard/libc_nano.a(libc_a-mallocr.o)
                0x2ffcb3dc                _malloc_r
 .text.__malloc_lock
                0x2ffcb4d8        0xc /opt/st/stm32cubeide_1.16.0/plugins/com.st.stm32cube.ide.mcu.externaltools.gnu-tools-for-stm32.12.3.rel1.linux64_1.0.200.202406132123/tools/bin/../lib/gcc/arm-none-eabi/12.3.1/../../../../arm-none-eabi/lib/thumb/v7ve+simd/hard/libc_nano.a(libc_a-mlock.o)
                0x2ffcb4d8                __malloc_lock
 .text.__malloc_unlock
                0x2ffcb4e4        0xc /opt/st/stm32cubeide_1.16.0/plugins/com.st.stm32cube.ide.mcu.externaltools.gnu-tools-for-stm32.12.3.rel1.linux64_1.0.200.202406132123/tools/bin/../lib/gcc/arm-none-eabi/12.3.1/../../../../arm-none-eabi/lib/thumb/v7ve+simd/hard/libc_nano.a(libc_a-mlock.o)
                0x2ffcb4e4                __malloc_unlock
 .text.srand    0x2ffcb4f0       0x5c /opt/st/stm32cubeide_1.16.0/plugins/com.st.stm32cube.ide.mcu.externaltools.gnu-tools-for-stm32.12.3.rel1.linux64_1.0.200.202406132123/tools/bin/../lib/gcc/arm-none-eabi/12.3.1/../../../../arm-none-eabi/lib/thumb/v7ve+simd/hard/libc_nano.a(libc_a-rand.o)
                0x2ffcb4f0                srand
 .text.rand     0x2ffcb54c       0x7c /opt/st/stm32cubeide_1.16.0/plugins/com.st.stm32cube.ide.mcu.externaltools.gnu-tools-for-stm32.12.3.rel1.linux64_1.0.200.202406132123/tools/bin/../lib/gcc/arm-none-eabi/12.3.1/../../../../arm-none-eabi/lib/thumb/v7ve+simd/hard/libc_nano.a(libc_a-rand.o)
                0x2ffcb54c                rand
 .text._strtoul_l.constprop.0
                0x2ffcb5c8       0xdc /opt/st/stm32cubeide_1.16.0/plugins/com.st.stm32cube.ide.mcu.externaltools.gnu-tools-for-stm32.12.3.rel1.linux64_1.0.200.202406132123/tools/bin/../lib/gcc/arm-none-eabi/12.3.1/../../../../arm-none-eabi/lib/thumb/v7ve+simd/hard/libc_nano.a(libc_a-strtoul.o)
 .text.strtoul  0x2ffcb6a4       0x14 /opt/st/stm32cubeide_1.16.0/plugins/com.st.stm32cube.ide.mcu.externaltools.gnu-tools-for-stm32.12.3.rel1.linux64_1.0.200.202406132123/tools/bin/../lib/gcc/arm-none-eabi/12.3.1/../../../../arm-none-eabi/lib/thumb/v7ve+simd/hard/libc_nano.a(libc_a-strtoul.o)
                0x2ffcb6a4                strtoul
 .text._strtoll_l.constprop.0
                0x2ffcb6b8      0x11c /opt/st/stm32cubeide_1.16.0/plugins/com.st.stm32cube.ide.mcu.externaltools.gnu-tools-for-stm32.12.3.rel1.linux64_1.0.200.202406132123/tools/bin/../lib/gcc/arm-none-eabi/12.3.1/../../../../arm-none-eabi/lib/thumb/v7ve+simd/hard/libc_nano.a(libc_a-strtoll.o)
 .text.strtoll  0x2ffcb7d4       0x14 /opt/st/stm32cubeide_1.16.0/plugins/com.st.stm32cube.ide.mcu.externaltools.gnu-tools-for-stm32.12.3.rel1.linux64_1.0.200.202406132123/tools/bin/../lib/gcc/arm-none-eabi/12.3.1/../../../../arm-none-eabi/lib/thumb/v7ve+simd/hard/libc_nano.a(libc_a-strtoll.o)
                0x2ffcb7d4                strtoll
 .text.lldiv    0x2ffcb7e8       0x1c /opt/st/stm32cubeide_1.16.0/plugins/com.st.stm32cube.ide.mcu.externaltools.gnu-tools-for-stm32.12.3.rel1.linux64_1.0.200.202406132123/tools/bin/../lib/gcc/arm-none-eabi/12.3.1/../../../../arm-none-eabi/lib/thumb/v7ve+simd/hard/libc_nano.a(libc_a-lldiv.o)
                0x2ffcb7e8                lldiv
 .text.std      0x2ffcb804       0x6c /opt/st/stm32cubeide_1.16.0/plugins/com.st.stm32cube.ide.mcu.externaltools.gnu-tools-for-stm32.12.3.rel1.linux64_1.0.200.202406132123/tools/bin/../lib/gcc/arm-none-eabi/12.3.1/../../../../arm-none-eabi/lib/thumb/v7ve+simd/hard/libc_nano.a(libc_a-findfp.o)
 .text.stdio_exit_handler
                0x2ffcb870       0x18 /opt/st/stm32cubeide_1.16.0/plugins/com.st.stm32cube.ide.mcu.externaltools.gnu-tools-for-stm32.12.3.rel1.linux64_1.0.200.202406132123/tools/bin/../lib/gcc/arm-none-eabi/12.3.1/../../../../arm-none-eabi/lib/thumb/v7ve+simd/hard/libc_nano.a(libc_a-findfp.o)
 .text.cleanup_stdio
                0x2ffcb888       0x40 /opt/st/stm32cubeide_1.16.0/plugins/com.st.stm32cube.ide.mcu.externaltools.gnu-tools-for-stm32.12.3.rel1.linux64_1.0.200.202406132123/tools/bin/../lib/gcc/arm-none-eabi/12.3.1/../../../../arm-none-eabi/lib/thumb/v7ve+simd/hard/libc_nano.a(libc_a-findfp.o)
 .text.global_stdio_init.part.0
                0x2ffcb8c8       0x3c /opt/st/stm32cubeide_1.16.0/plugins/com.st.stm32cube.ide.mcu.externaltools.gnu-tools-for-stm32.12.3.rel1.linux64_1.0.200.202406132123/tools/bin/../lib/gcc/arm-none-eabi/12.3.1/../../../../arm-none-eabi/lib/thumb/v7ve+simd/hard/libc_nano.a(libc_a-findfp.o)
 .text.__sfp_lock_acquire
                0x2ffcb904        0xc /opt/st/stm32cubeide_1.16.0/plugins/com.st.stm32cube.ide.mcu.externaltools.gnu-tools-for-stm32.12.3.rel1.linux64_1.0.200.202406132123/tools/bin/../lib/gcc/arm-none-eabi/12.3.1/../../../../arm-none-eabi/lib/thumb/v7ve+simd/hard/libc_nano.a(libc_a-findfp.o)
                0x2ffcb904                __sfp_lock_acquire
 .text.__sfp_lock_release
                0x2ffcb910        0xc /opt/st/stm32cubeide_1.16.0/plugins/com.st.stm32cube.ide.mcu.externaltools.gnu-tools-for-stm32.12.3.rel1.linux64_1.0.200.202406132123/tools/bin/../lib/gcc/arm-none-eabi/12.3.1/../../../../arm-none-eabi/lib/thumb/v7ve+simd/hard/libc_nano.a(libc_a-findfp.o)
                0x2ffcb910                __sfp_lock_release
 .text.__sinit  0x2ffcb91c       0x30 /opt/st/stm32cubeide_1.16.0/plugins/com.st.stm32cube.ide.mcu.externaltools.gnu-tools-for-stm32.12.3.rel1.linux64_1.0.200.202406132123/tools/bin/../lib/gcc/arm-none-eabi/12.3.1/../../../../arm-none-eabi/lib/thumb/v7ve+simd/hard/libc_nano.a(libc_a-findfp.o)
                0x2ffcb91c                __sinit
 .text._fwalk_sglue
                0x2ffcb94c       0x3c /opt/st/stm32cubeide_1.16.0/plugins/com.st.stm32cube.ide.mcu.externaltools.gnu-tools-for-stm32.12.3.rel1.linux64_1.0.200.202406132123/tools/bin/../lib/gcc/arm-none-eabi/12.3.1/../../../../arm-none-eabi/lib/thumb/v7ve+simd/hard/libc_nano.a(libc_a-fwalk.o)
                0x2ffcb94c                _fwalk_sglue
 .text.printf   0x2ffcb988       0x24 /opt/st/stm32cubeide_1.16.0/plugins/com.st.stm32cube.ide.mcu.externaltools.gnu-tools-for-stm32.12.3.rel1.linux64_1.0.200.202406132123/tools/bin/../lib/gcc/arm-none-eabi/12.3.1/../../../../arm-none-eabi/lib/thumb/v7ve+simd/hard/libc_nano.a(libc_a-printf.o)
                0x2ffcb988                printf
                0x2ffcb988                iprintf
 .text._puts_r  0x2ffcb9ac       0xaa /opt/st/stm32cubeide_1.16.0/plugins/com.st.stm32cube.ide.mcu.externaltools.gnu-tools-for-stm32.12.3.rel1.linux64_1.0.200.202406132123/tools/bin/../lib/gcc/arm-none-eabi/12.3.1/../../../../arm-none-eabi/lib/thumb/v7ve+simd/hard/libc_nano.a(libc_a-puts.o)
                0x2ffcb9ac                _puts_r
 *fill*         0x2ffcba56        0x2 
 .text.puts     0x2ffcba58       0x10 /opt/st/stm32cubeide_1.16.0/plugins/com.st.stm32cube.ide.mcu.externaltools.gnu-tools-for-stm32.12.3.rel1.linux64_1.0.200.202406132123/tools/bin/../lib/gcc/arm-none-eabi/12.3.1/../../../../arm-none-eabi/lib/thumb/v7ve+simd/hard/libc_nano.a(libc_a-puts.o)
                0x2ffcba58                puts
 .text.sprintf  0x2ffcba68       0x40 /opt/st/stm32cubeide_1.16.0/plugins/com.st.stm32cube.ide.mcu.externaltools.gnu-tools-for-stm32.12.3.rel1.linux64_1.0.200.202406132123/tools/bin/../lib/gcc/arm-none-eabi/12.3.1/../../../../arm-none-eabi/lib/thumb/v7ve+simd/hard/libc_nano.a(libc_a-sprintf.o)
                0x2ffcba68                sprintf
                0x2ffcba68                siprintf
 .text.__sread  0x2ffcbaa8       0x22 /opt/st/stm32cubeide_1.16.0/plugins/com.st.stm32cube.ide.mcu.externaltools.gnu-tools-for-stm32.12.3.rel1.linux64_1.0.200.202406132123/tools/bin/../lib/gcc/arm-none-eabi/12.3.1/../../../../arm-none-eabi/lib/thumb/v7ve+simd/hard/libc_nano.a(libc_a-stdio.o)
                0x2ffcbaa8                __sread
 .text.__swrite
                0x2ffcbaca       0x38 /opt/st/stm32cubeide_1.16.0/plugins/com.st.stm32cube.ide.mcu.externaltools.gnu-tools-for-stm32.12.3.rel1.linux64_1.0.200.202406132123/tools/bin/../lib/gcc/arm-none-eabi/12.3.1/../../../../arm-none-eabi/lib/thumb/v7ve+simd/hard/libc_nano.a(libc_a-stdio.o)
                0x2ffcbaca                __swrite
 .text.__sseek  0x2ffcbb02       0x24 /opt/st/stm32cubeide_1.16.0/plugins/com.st.stm32cube.ide.mcu.externaltools.gnu-tools-for-stm32.12.3.rel1.linux64_1.0.200.202406132123/tools/bin/../lib/gcc/arm-none-eabi/12.3.1/../../../../arm-none-eabi/lib/thumb/v7ve+simd/hard/libc_nano.a(libc_a-stdio.o)
                0x2ffcbb02                __sseek
 .text.__sclose
                0x2ffcbb26        0x8 /opt/st/stm32cubeide_1.16.0/plugins/com.st.stm32cube.ide.mcu.externaltools.gnu-tools-for-stm32.12.3.rel1.linux64_1.0.200.202406132123/tools/bin/../lib/gcc/arm-none-eabi/12.3.1/../../../../arm-none-eabi/lib/thumb/v7ve+simd/hard/libc_nano.a(libc_a-stdio.o)
                0x2ffcbb26                __sclose
 .text.__swbuf_r
                0x2ffcbb2e       0x7c /opt/st/stm32cubeide_1.16.0/plugins/com.st.stm32cube.ide.mcu.externaltools.gnu-tools-for-stm32.12.3.rel1.linux64_1.0.200.202406132123/tools/bin/../lib/gcc/arm-none-eabi/12.3.1/../../../../arm-none-eabi/lib/thumb/v7ve+simd/hard/libc_nano.a(libc_a-wbuf.o)
                0x2ffcbb2e                __swbuf_r
 *fill*         0x2ffcbbaa        0x2 
 .text.__swsetup_r
                0x2ffcbbac       0xac /opt/st/stm32cubeide_1.16.0/plugins/com.st.stm32cube.ide.mcu.externaltools.gnu-tools-for-stm32.12.3.rel1.linux64_1.0.200.202406132123/tools/bin/../lib/gcc/arm-none-eabi/12.3.1/../../../../arm-none-eabi/lib/thumb/v7ve+simd/hard/libc_nano.a(libc_a-wsetup.o)
                0x2ffcbbac                __swsetup_r
 .text.memset   0x2ffcbc58       0x10 /opt/st/stm32cubeide_1.16.0/plugins/com.st.stm32cube.ide.mcu.externaltools.gnu-tools-for-stm32.12.3.rel1.linux64_1.0.200.202406132123/tools/bin/../lib/gcc/arm-none-eabi/12.3.1/../../../../arm-none-eabi/lib/thumb/v7ve+simd/hard/libc_nano.a(libc_a-memset.o)
                0x2ffcbc58                memset
 .text.strncmp  0x2ffcbc68       0x24 /opt/st/stm32cubeide_1.16.0/plugins/com.st.stm32cube.ide.mcu.externaltools.gnu-tools-for-stm32.12.3.rel1.linux64_1.0.200.202406132123/tools/bin/../lib/gcc/arm-none-eabi/12.3.1/../../../../arm-none-eabi/lib/thumb/v7ve+simd/hard/libc_nano.a(libc_a-strncmp.o)
                0x2ffcbc68                strncmp
 .text.strncpy  0x2ffcbc8c       0x26 /opt/st/stm32cubeide_1.16.0/plugins/com.st.stm32cube.ide.mcu.externaltools.gnu-tools-for-stm32.12.3.rel1.linux64_1.0.200.202406132123/tools/bin/../lib/gcc/arm-none-eabi/12.3.1/../../../../arm-none-eabi/lib/thumb/v7ve+simd/hard/libc_nano.a(libc_a-strncpy.o)
                0x2ffcbc8c                strncpy
 *fill*         0x2ffcbcb2        0x2 
 .text._close_r
                0x2ffcbcb4       0x20 /opt/st/stm32cubeide_1.16.0/plugins/com.st.stm32cube.ide.mcu.externaltools.gnu-tools-for-stm32.12.3.rel1.linux64_1.0.200.202406132123/tools/bin/../lib/gcc/arm-none-eabi/12.3.1/../../../../arm-none-eabi/lib/thumb/v7ve+simd/hard/libc_nano.a(libc_a-closer.o)
                0x2ffcbcb4                _close_r
 .text._lseek_r
                0x2ffcbcd4       0x24 /opt/st/stm32cubeide_1.16.0/plugins/com.st.stm32cube.ide.mcu.externaltools.gnu-tools-for-stm32.12.3.rel1.linux64_1.0.200.202406132123/tools/bin/../lib/gcc/arm-none-eabi/12.3.1/../../../../arm-none-eabi/lib/thumb/v7ve+simd/hard/libc_nano.a(libc_a-lseekr.o)
                0x2ffcbcd4                _lseek_r
 .text._read_r  0x2ffcbcf8       0x24 /opt/st/stm32cubeide_1.16.0/plugins/com.st.stm32cube.ide.mcu.externaltools.gnu-tools-for-stm32.12.3.rel1.linux64_1.0.200.202406132123/tools/bin/../lib/gcc/arm-none-eabi/12.3.1/../../../../arm-none-eabi/lib/thumb/v7ve+simd/hard/libc_nano.a(libc_a-readr.o)
                0x2ffcbcf8                _read_r
 .text._sbrk_r  0x2ffcbd1c       0x20 /opt/st/stm32cubeide_1.16.0/plugins/com.st.stm32cube.ide.mcu.externaltools.gnu-tools-for-stm32.12.3.rel1.linux64_1.0.200.202406132123/tools/bin/../lib/gcc/arm-none-eabi/12.3.1/../../../../arm-none-eabi/lib/thumb/v7ve+simd/hard/libc_nano.a(libc_a-sbrkr.o)
                0x2ffcbd1c                _sbrk_r
 .text._write_r
                0x2ffcbd3c       0x24 /opt/st/stm32cubeide_1.16.0/plugins/com.st.stm32cube.ide.mcu.externaltools.gnu-tools-for-stm32.12.3.rel1.linux64_1.0.200.202406132123/tools/bin/../lib/gcc/arm-none-eabi/12.3.1/../../../../arm-none-eabi/lib/thumb/v7ve+simd/hard/libc_nano.a(libc_a-writer.o)
                0x2ffcbd3c                _write_r
 .text.__errno  0x2ffcbd60        0xc /opt/st/stm32cubeide_1.16.0/plugins/com.st.stm32cube.ide.mcu.externaltools.gnu-tools-for-stm32.12.3.rel1.linux64_1.0.200.202406132123/tools/bin/../lib/gcc/arm-none-eabi/12.3.1/../../../../arm-none-eabi/lib/thumb/v7ve+simd/hard/libc_nano.a(libc_a-errno.o)
                0x2ffcbd60                __errno
 .text.__libc_init_array
                0x2ffcbd6c       0x48 /opt/st/stm32cubeide_1.16.0/plugins/com.st.stm32cube.ide.mcu.externaltools.gnu-tools-for-stm32.12.3.rel1.linux64_1.0.200.202406132123/tools/bin/../lib/gcc/arm-none-eabi/12.3.1/../../../../arm-none-eabi/lib/thumb/v7ve+simd/hard/libc_nano.a(libc_a-init.o)
                0x2ffcbd6c                __libc_init_array
 .text.__retarget_lock_init_recursive
                0x2ffcbdb4        0x2 /opt/st/stm32cubeide_1.16.0/plugins/com.st.stm32cube.ide.mcu.externaltools.gnu-tools-for-stm32.12.3.rel1.linux64_1.0.200.202406132123/tools/bin/../lib/gcc/arm-none-eabi/12.3.1/../../../../arm-none-eabi/lib/thumb/v7ve+simd/hard/libc_nano.a(libc_a-lock.o)
                0x2ffcbdb4                __retarget_lock_init_recursive
 .text.__retarget_lock_acquire_recursive
                0x2ffcbdb6        0x2 /opt/st/stm32cubeide_1.16.0/plugins/com.st.stm32cube.ide.mcu.externaltools.gnu-tools-for-stm32.12.3.rel1.linux64_1.0.200.202406132123/tools/bin/../lib/gcc/arm-none-eabi/12.3.1/../../../../arm-none-eabi/lib/thumb/v7ve+simd/hard/libc_nano.a(libc_a-lock.o)
                0x2ffcbdb6                __retarget_lock_acquire_recursive
 .text.__retarget_lock_release_recursive
                0x2ffcbdb8        0x2 /opt/st/stm32cubeide_1.16.0/plugins/com.st.stm32cube.ide.mcu.externaltools.gnu-tools-for-stm32.12.3.rel1.linux64_1.0.200.202406132123/tools/bin/../lib/gcc/arm-none-eabi/12.3.1/../../../../arm-none-eabi/lib/thumb/v7ve+simd/hard/libc_nano.a(libc_a-lock.o)
                0x2ffcbdb8                __retarget_lock_release_recursive
 *fill*         0x2ffcbdba        0x2 
 .text          0x2ffcbdbc       0x1c /opt/st/stm32cubeide_1.16.0/plugins/com.st.stm32cube.ide.mcu.externaltools.gnu-tools-for-stm32.12.3.rel1.linux64_1.0.200.202406132123/tools/bin/../lib/gcc/arm-none-eabi/12.3.1/../../../../arm-none-eabi/lib/thumb/v7ve+simd/hard/libc_nano.a(libc_a-strcmp.o)
                0x2ffcbdbc                strcmp
 .text.strcpy   0x2ffcbdd8       0x10 /opt/st/stm32cubeide_1.16.0/plugins/com.st.stm32cube.ide.mcu.externaltools.gnu-tools-for-stm32.12.3.rel1.linux64_1.0.200.202406132123/tools/bin/../lib/gcc/arm-none-eabi/12.3.1/../../../../arm-none-eabi/lib/thumb/v7ve+simd/hard/libc_nano.a(libc_a-strcpy.o)
                0x2ffcbdd8                strcpy
 .text.memcpy   0x2ffcbde8       0x1a /opt/st/stm32cubeide_1.16.0/plugins/com.st.stm32cube.ide.mcu.externaltools.gnu-tools-for-stm32.12.3.rel1.linux64_1.0.200.202406132123/tools/bin/../lib/gcc/arm-none-eabi/12.3.1/../../../../arm-none-eabi/lib/thumb/v7ve+simd/hard/libc_nano.a(libc_a-memcpy-stub.o)
                0x2ffcbde8                memcpy
 .text          0x2ffcbe02       0x10 /opt/st/stm32cubeide_1.16.0/plugins/com.st.stm32cube.ide.mcu.externaltools.gnu-tools-for-stm32.12.3.rel1.linux64_1.0.200.202406132123/tools/bin/../lib/gcc/arm-none-eabi/12.3.1/../../../../arm-none-eabi/lib/thumb/v7ve+simd/hard/libc_nano.a(libc_a-strlen.o)
                0x2ffcbe02                strlen
 *fill*         0x2ffcbe12        0x2 
 .text.__assert_func
                0x2ffcbe14       0x3c /opt/st/stm32cubeide_1.16.0/plugins/com.st.stm32cube.ide.mcu.externaltools.gnu-tools-for-stm32.12.3.rel1.linux64_1.0.200.202406132123/tools/bin/../lib/gcc/arm-none-eabi/12.3.1/../../../../arm-none-eabi/lib/thumb/v7ve+simd/hard/libc_nano.a(libc_a-assert.o)
                0x2ffcbe14                __assert_func
 .text._free_r  0x2ffcbe50       0x94 /opt/st/stm32cubeide_1.16.0/plugins/com.st.stm32cube.ide.mcu.externaltools.gnu-tools-for-stm32.12.3.rel1.linux64_1.0.200.202406132123/tools/bin/../lib/gcc/arm-none-eabi/12.3.1/../../../../arm-none-eabi/lib/thumb/v7ve+simd/hard/libc_nano.a(libc_a-freer.o)
                0x2ffcbe50                _free_r
 .text.__ssputs_r
                0x2ffcbee4       0xb6 /opt/st/stm32cubeide_1.16.0/plugins/com.st.stm32cube.ide.mcu.externaltools.gnu-tools-for-stm32.12.3.rel1.linux64_1.0.200.202406132123/tools/bin/../lib/gcc/arm-none-eabi/12.3.1/../../../../arm-none-eabi/lib/thumb/v7ve+simd/hard/libc_nano.a(libc_a-nano-svfprintf.o)
                0x2ffcbee4                __ssputs_r
 *fill*         0x2ffcbf9a        0x2 
 .text._svfprintf_r
                0x2ffcbf9c      0x1f8 /opt/st/stm32cubeide_1.16.0/plugins/com.st.stm32cube.ide.mcu.externaltools.gnu-tools-for-stm32.12.3.rel1.linux64_1.0.200.202406132123/tools/bin/../lib/gcc/arm-none-eabi/12.3.1/../../../../arm-none-eabi/lib/thumb/v7ve+simd/hard/libc_nano.a(libc_a-nano-svfprintf.o)
                0x2ffcbf9c                _svfprintf_r
                0x2ffcbf9c                _svfiprintf_r
 .text.__sfputc_r
                0x2ffcc194       0x2e /opt/st/stm32cubeide_1.16.0/plugins/com.st.stm32cube.ide.mcu.externaltools.gnu-tools-for-stm32.12.3.rel1.linux64_1.0.200.202406132123/tools/bin/../lib/gcc/arm-none-eabi/12.3.1/../../../../arm-none-eabi/lib/thumb/v7ve+simd/hard/libc_nano.a(libc_a-nano-vfprintf.o)
 .text.__sfputs_r
                0x2ffcc1c2       0x24 /opt/st/stm32cubeide_1.16.0/plugins/com.st.stm32cube.ide.mcu.externaltools.gnu-tools-for-stm32.12.3.rel1.linux64_1.0.200.202406132123/tools/bin/../lib/gcc/arm-none-eabi/12.3.1/../../../../arm-none-eabi/lib/thumb/v7ve+simd/hard/libc_nano.a(libc_a-nano-vfprintf.o)
                0x2ffcc1c2                __sfputs_r
 *fill*         0x2ffcc1e6        0x2 
 .text._vfprintf_r
                0x2ffcc1e8      0x230 /opt/st/stm32cubeide_1.16.0/plugins/com.st.stm32cube.ide.mcu.externaltools.gnu-tools-for-stm32.12.3.rel1.linux64_1.0.200.202406132123/tools/bin/../lib/gcc/arm-none-eabi/12.3.1/../../../../arm-none-eabi/lib/thumb/v7ve+simd/hard/libc_nano.a(libc_a-nano-vfprintf.o)
                0x2ffcc1e8                _vfiprintf_r
                0x2ffcc1e8                _vfprintf_r
 .text._printf_common
                0x2ffcc418       0xe4 /opt/st/stm32cubeide_1.16.0/plugins/com.st.stm32cube.ide.mcu.externaltools.gnu-tools-for-stm32.12.3.rel1.linux64_1.0.200.202406132123/tools/bin/../lib/gcc/arm-none-eabi/12.3.1/../../../../arm-none-eabi/lib/thumb/v7ve+simd/hard/libc_nano.a(libc_a-nano-vfprintf_i.o)
                0x2ffcc418                _printf_common
 .text._printf_i
                0x2ffcc4fc      0x240 /opt/st/stm32cubeide_1.16.0/plugins/com.st.stm32cube.ide.mcu.externaltools.gnu-tools-for-stm32.12.3.rel1.linux64_1.0.200.202406132123/tools/bin/../lib/gcc/arm-none-eabi/12.3.1/../../../../arm-none-eabi/lib/thumb/v7ve+simd/hard/libc_nano.a(libc_a-nano-vfprintf_i.o)
                0x2ffcc4fc                _printf_i
 .text.__sflush_r
                0x2ffcc73c      0x108 /opt/st/stm32cubeide_1.16.0/plugins/com.st.stm32cube.ide.mcu.externaltools.gnu-tools-for-stm32.12.3.rel1.linux64_1.0.200.202406132123/tools/bin/../lib/gcc/arm-none-eabi/12.3.1/../../../../arm-none-eabi/lib/thumb/v7ve+simd/hard/libc_nano.a(libc_a-fflush.o)
                0x2ffcc73c                __sflush_r
 .text._fflush_r
                0x2ffcc844       0x50 /opt/st/stm32cubeide_1.16.0/plugins/com.st.stm32cube.ide.mcu.externaltools.gnu-tools-for-stm32.12.3.rel1.linux64_1.0.200.202406132123/tools/bin/../lib/gcc/arm-none-eabi/12.3.1/../../../../arm-none-eabi/lib/thumb/v7ve+simd/hard/libc_nano.a(libc_a-fflush.o)
                0x2ffcc844                _fflush_r
 .text.fprintf  0x2ffcc894       0x24 /opt/st/stm32cubeide_1.16.0/plugins/com.st.stm32cube.ide.mcu.externaltools.gnu-tools-for-stm32.12.3.rel1.linux64_1.0.200.202406132123/tools/bin/../lib/gcc/arm-none-eabi/12.3.1/../../../../arm-none-eabi/lib/thumb/v7ve+simd/hard/libc_nano.a(libc_a-fprintf.o)
                0x2ffcc894                fprintf
                0x2ffcc894                fiprintf
 .text.__swhatbuf_r
                0x2ffcc8b8       0x4a /opt/st/stm32cubeide_1.16.0/plugins/com.st.stm32cube.ide.mcu.externaltools.gnu-tools-for-stm32.12.3.rel1.linux64_1.0.200.202406132123/tools/bin/../lib/gcc/arm-none-eabi/12.3.1/../../../../arm-none-eabi/lib/thumb/v7ve+simd/hard/libc_nano.a(libc_a-makebuf.o)
                0x2ffcc8b8                __swhatbuf_r
 .text.__smakebuf_r
                0x2ffcc902       0x78 /opt/st/stm32cubeide_1.16.0/plugins/com.st.stm32cube.ide.mcu.externaltools.gnu-tools-for-stm32.12.3.rel1.linux64_1.0.200.202406132123/tools/bin/../lib/gcc/arm-none-eabi/12.3.1/../../../../arm-none-eabi/lib/thumb/v7ve+simd/hard/libc_nano.a(libc_a-makebuf.o)
                0x2ffcc902                __smakebuf_r
 .text.memmove  0x2ffcc97a       0x34 /opt/st/stm32cubeide_1.16.0/plugins/com.st.stm32cube.ide.mcu.externaltools.gnu-tools-for-stm32.12.3.rel1.linux64_1.0.200.202406132123/tools/bin/../lib/gcc/arm-none-eabi/12.3.1/../../../../arm-none-eabi/lib/thumb/v7ve+simd/hard/libc_nano.a(libc_a-memmove.o)
                0x2ffcc97a                memmove
 *fill*         0x2ffcc9ae        0x2 
 .text._fstat_r
                0x2ffcc9b0       0x24 /opt/st/stm32cubeide_1.16.0/plugins/com.st.stm32cube.ide.mcu.externaltools.gnu-tools-for-stm32.12.3.rel1.linux64_1.0.200.202406132123/tools/bin/../lib/gcc/arm-none-eabi/12.3.1/../../../../arm-none-eabi/lib/thumb/v7ve+simd/hard/libc_nano.a(libc_a-fstatr.o)
                0x2ffcc9b0                _fstat_r
 .text._isatty_r
                0x2ffcc9d4       0x20 /opt/st/stm32cubeide_1.16.0/plugins/com.st.stm32cube.ide.mcu.externaltools.gnu-tools-for-stm32.12.3.rel1.linux64_1.0.200.202406132123/tools/bin/../lib/gcc/arm-none-eabi/12.3.1/../../../../arm-none-eabi/lib/thumb/v7ve+simd/hard/libc_nano.a(libc_a-isattyr.o)
                0x2ffcc9d4                _isatty_r
 *fill*         0x2ffcc9f4        0xc 
 .text          0x2ffcca00       0xe8 /opt/st/stm32cubeide_1.16.0/plugins/com.st.stm32cube.ide.mcu.externaltools.gnu-tools-for-stm32.12.3.rel1.linux64_1.0.200.202406132123/tools/bin/../lib/gcc/arm-none-eabi/12.3.1/../../../../arm-none-eabi/lib/thumb/v7ve+simd/hard/libc_nano.a(libc_a-memchr.o)
                0x2ffcca00                memchr
 .text.abort    0x2ffccae8        0xe /opt/st/stm32cubeide_1.16.0/plugins/com.st.stm32cube.ide.mcu.externaltools.gnu-tools-for-stm32.12.3.rel1.linux64_1.0.200.202406132123/tools/bin/../lib/gcc/arm-none-eabi/12.3.1/../../../../arm-none-eabi/lib/thumb/v7ve+simd/hard/libc_nano.a(libc_a-abort.o)
                0x2ffccae8                abort
 .text._realloc_r
                0x2ffccaf6       0x5c /opt/st/stm32cubeide_1.16.0/plugins/com.st.stm32cube.ide.mcu.externaltools.gnu-tools-for-stm32.12.3.rel1.linux64_1.0.200.202406132123/tools/bin/../lib/gcc/arm-none-eabi/12.3.1/../../../../arm-none-eabi/lib/thumb/v7ve+simd/hard/libc_nano.a(libc_a-reallocr.o)
                0x2ffccaf6                _realloc_r
 .text._raise_r
                0x2ffccb52       0x50 /opt/st/stm32cubeide_1.16.0/plugins/com.st.stm32cube.ide.mcu.externaltools.gnu-tools-for-stm32.12.3.rel1.linux64_1.0.200.202406132123/tools/bin/../lib/gcc/arm-none-eabi/12.3.1/../../../../arm-none-eabi/lib/thumb/v7ve+simd/hard/libc_nano.a(libc_a-signal.o)
                0x2ffccb52                _raise_r
 *fill*         0x2ffccba2        0x2 
 .text.raise    0x2ffccba4       0x10 /opt/st/stm32cubeide_1.16.0/plugins/com.st.stm32cube.ide.mcu.externaltools.gnu-tools-for-stm32.12.3.rel1.linux64_1.0.200.202406132123/tools/bin/../lib/gcc/arm-none-eabi/12.3.1/../../../../arm-none-eabi/lib/thumb/v7ve+simd/hard/libc_nano.a(libc_a-signal.o)
                0x2ffccba4                raise
 .text._kill_r  0x2ffccbb4       0x24 /opt/st/stm32cubeide_1.16.0/plugins/com.st.stm32cube.ide.mcu.externaltools.gnu-tools-for-stm32.12.3.rel1.linux64_1.0.200.202406132123/tools/bin/../lib/gcc/arm-none-eabi/12.3.1/../../../../arm-none-eabi/lib/thumb/v7ve+simd/hard/libc_nano.a(libc_a-signalr.o)
                0x2ffccbb4                _kill_r
 .text._getpid_r
                0x2ffccbd8        0x4 /opt/st/stm32cubeide_1.16.0/plugins/com.st.stm32cube.ide.mcu.externaltools.gnu-tools-for-stm32.12.3.rel1.linux64_1.0.200.202406132123/tools/bin/../lib/gcc/arm-none-eabi/12.3.1/../../../../arm-none-eabi/lib/thumb/v7ve+simd/hard/libc_nano.a(libc_a-signalr.o)
                0x2ffccbd8                _getpid_r
 .text._malloc_usable_size_r
                0x2ffccbdc       0x10 /opt/st/stm32cubeide_1.16.0/plugins/com.st.stm32cube.ide.mcu.externaltools.gnu-tools-for-stm32.12.3.rel1.linux64_1.0.200.202406132123/tools/bin/../lib/gcc/arm-none-eabi/12.3.1/../../../../arm-none-eabi/lib/thumb/v7ve+simd/hard/libc_nano.a(libc_a-msizer.o)
                0x2ffccbdc                _malloc_usable_size_r
 .text          0x2ffccbec       0xa0 /opt/st/stm32cubeide_1.16.0/plugins/com.st.stm32cube.ide.mcu.externaltools.gnu-tools-for-stm32.12.3.rel1.linux64_1.0.200.202406132123/tools/bin/../lib/gcc/arm-none-eabi/12.3.1/thumb/v7ve+simd/hard/libgcc.a(_aeabi_ldivmod.o)
                0x2ffccbec                __aeabi_ldivmod
 .text          0x2ffccc8c       0x30 /opt/st/stm32cubeide_1.16.0/plugins/com.st.stm32cube.ide.mcu.externaltools.gnu-tools-for-stm32.12.3.rel1.linux64_1.0.200.202406132123/tools/bin/../lib/gcc/arm-none-eabi/12.3.1/thumb/v7ve+simd/hard/libgcc.a(_aeabi_uldivmod.o)
                0x2ffccc8c                __aeabi_uldivmod
 .text          0x2ffcccbc      0x370 /opt/st/stm32cubeide_1.16.0/plugins/com.st.stm32cube.ide.mcu.externaltools.gnu-tools-for-stm32.12.3.rel1.linux64_1.0.200.202406132123/tools/bin/../lib/gcc/arm-none-eabi/12.3.1/thumb/v7ve+simd/hard/libgcc.a(_udivmoddi4.o)
                0x2ffcccbc                __udivmoddi4
 .text          0x2ffcd02c        0x4 /opt/st/stm32cubeide_1.16.0/plugins/com.st.stm32cube.ide.mcu.externaltools.gnu-tools-for-stm32.12.3.rel1.linux64_1.0.200.202406132123/tools/bin/../lib/gcc/arm-none-eabi/12.3.1/thumb/v7ve+simd/hard/libgcc.a(_dvmd_tls.o)
                0x2ffcd02c                __aeabi_ldiv0
                0x2ffcd02c                __aeabi_idiv0
 *(.init)
 .init          0x2ffcd030        0x4 /opt/st/stm32cubeide_1.16.0/plugins/com.st.stm32cube.ide.mcu.externaltools.gnu-tools-for-stm32.12.3.rel1.linux64_1.0.200.202406132123/tools/bin/../lib/gcc/arm-none-eabi/12.3.1/thumb/v7ve+simd/hard/crti.o
                0x2ffcd030                _init
 .init          0x2ffcd034        0x8 /opt/st/stm32cubeide_1.16.0/plugins/com.st.stm32cube.ide.mcu.externaltools.gnu-tools-for-stm32.12.3.rel1.linux64_1.0.200.202406132123/tools/bin/../lib/gcc/arm-none-eabi/12.3.1/thumb/v7ve+simd/hard/crtn.o
 *(.fini)
 .fini          0x2ffcd03c        0x4 /opt/st/stm32cubeide_1.16.0/plugins/com.st.stm32cube.ide.mcu.externaltools.gnu-tools-for-stm32.12.3.rel1.linux64_1.0.200.202406132123/tools/bin/../lib/gcc/arm-none-eabi/12.3.1/thumb/v7ve+simd/hard/crti.o
                0x2ffcd03c                _fini
 .fini          0x2ffcd040        0x8 /opt/st/stm32cubeide_1.16.0/plugins/com.st.stm32cube.ide.mcu.externaltools.gnu-tools-for-stm32.12.3.rel1.linux64_1.0.200.202406132123/tools/bin/../lib/gcc/arm-none-eabi/12.3.1/thumb/v7ve+simd/hard/crtn.o
                0x2ffcd048                        __TEXT_END_UNALIGNED__ = .
                0x2ffcd048                        __TEXT_END__ = .
                0x2ffce000                        . = NEXT (0x1000)
 *fill*         0x2ffcd048      0xfb8 
                0x2ffce000                        __RO_START__ = .
 *(.rodata*)
 .rodata        0x2ffce000       0x3a ./Drivers/BSP/STM32MP15xx_ZEGARSON/stm32mp15xx_disco.o
 *fill*         0x2ffce03a        0x2 
 .rodata.str1.4
                0x2ffce03c      0x5d6 ./Drivers/STM32MP1xx_HAL_Driver/stm32mp1xx_hal_ddr.o
 *fill*         0x2ffce612        0x2 
 .rodata        0x2ffce614      0x40c ./Drivers/STM32MP1xx_HAL_Driver/stm32mp1xx_hal_ddr.o
 .rodata        0x2ffcea20       0x2c ./Drivers/STM32MP1xx_HAL_Driver/stm32mp1xx_hal_uart.o
 .rodata.str1.4
                0x2ffcea4c        0x9 ./Drivers/STM32MP1xx_HAL_Driver/stm32mp1xx_hal_uart_ex.o
 *fill*         0x2ffcea55        0x3 
 .rodata        0x2ffcea58        0x8 ./Drivers/STM32MP1xx_HAL_Driver/stm32mp1xx_hal_uart_ex.o
 .rodata.str1.4
                0x2ffcea60      0x2f9 ./User/ddr_tests.o
 *fill*         0x2ffced59        0x3 
 .rodata        0x2ffced5c      0x128 ./User/ddr_tests.o
                0x2ffced84                pattern_mostly_one_x32
                0x2ffceda4                pattern_mostly_one_x16
                0x2ffcedc4                pattern_mostly_zero_x32
                0x2ffcede4                pattern_mostly_zero_x16
                0x2ffcee04                pattern_div4_x32
                0x2ffcee24                pattern_div4_x16
                0x2ffcee44                pattern_div2_x16
                0x2ffcee64                pattern_div1_x16
 .rodata.str1.4
                0x2ffcee84      0xda8 ./User/ddr_tool.o
                                0xdd0 (size before relaxing)
 .rodata        0x2ffcfc2c      0x1c8 ./User/ddr_tool.o
                0x2ffcfc2c                test
                0x2ffcfd80                ddr_cmd
                0x2ffcfdf0                test_nb
 .rodata.str1.4
                0x2ffcfdf4       0xc1 ./User/ddr_tool_util.o
                                 0xd9 (size before relaxing)
 *fill*         0x2ffcfeb5        0x3 
 .rodata.str1.4
                0x2ffcfeb8       0x18 ./User/main.o
 .rodata.srand.str1.1
                0x2ffcfed0       0x6f /opt/st/stm32cubeide_1.16.0/plugins/com.st.stm32cube.ide.mcu.externaltools.gnu-tools-for-stm32.12.3.rel1.linux64_1.0.200.202406132123/tools/bin/../lib/gcc/arm-none-eabi/12.3.1/../../../../arm-none-eabi/lib/thumb/v7ve+simd/hard/libc_nano.a(libc_a-rand.o)
 .rodata._ctype_
                0x2ffcff3f      0x101 /opt/st/stm32cubeide_1.16.0/plugins/com.st.stm32cube.ide.mcu.externaltools.gnu-tools-for-stm32.12.3.rel1.linux64_1.0.200.202406132123/tools/bin/../lib/gcc/arm-none-eabi/12.3.1/../../../../arm-none-eabi/lib/thumb/v7ve+simd/hard/libc_nano.a(libc_a-ctype_.o)
                0x2ffcff3f                _ctype_
 .rodata.__assert_func.str1.1
                0x2ffd0040       0x3c /opt/st/stm32cubeide_1.16.0/plugins/com.st.stm32cube.ide.mcu.externaltools.gnu-tools-for-stm32.12.3.rel1.linux64_1.0.200.202406132123/tools/bin/../lib/gcc/arm-none-eabi/12.3.1/../../../../arm-none-eabi/lib/thumb/v7ve+simd/hard/libc_nano.a(libc_a-assert.o)
                                 0x3d (size before relaxing)
 .rodata._svfprintf_r.str1.1
                0x2ffd007c       0x11 /opt/st/stm32cubeide_1.16.0/plugins/com.st.stm32cube.ide.mcu.externaltools.gnu-tools-for-stm32.12.3.rel1.linux64_1.0.200.202406132123/tools/bin/../lib/gcc/arm-none-eabi/12.3.1/../../../../arm-none-eabi/lib/thumb/v7ve+simd/hard/libc_nano.a(libc_a-nano-svfprintf.o)
 .rodata._vfprintf_r.str1.1
                0x2ffd008d       0x11 /opt/st/stm32cubeide_1.16.0/plugins/com.st.stm32cube.ide.mcu.externaltools.gnu-tools-for-stm32.12.3.rel1.linux64_1.0.200.202406132123/tools/bin/../lib/gcc/arm-none-eabi/12.3.1/../../../../arm-none-eabi/lib/thumb/v7ve+simd/hard/libc_nano.a(libc_a-nano-vfprintf.o)
 .rodata._printf_i.str1.1
                0x2ffd008d       0x22 /opt/st/stm32cubeide_1.16.0/plugins/com.st.stm32cube.ide.mcu.externaltools.gnu-tools-for-stm32.12.3.rel1.linux64_1.0.200.202406132123/tools/bin/../lib/gcc/arm-none-eabi/12.3.1/../../../../arm-none-eabi/lib/thumb/v7ve+simd/hard/libc_nano.a(libc_a-nano-vfprintf_i.o)
                0x2ffd00af                        __RO_END_UNALIGNED__ = .
                0x2ffd1000                        . = NEXT (0x1000)
 *fill*         0x2ffd00af      0xf51 
                0x2ffd1000                        __RO_END__ = .

.eh_frame       0x2ffd1000        0x0
 .eh_frame      0x2ffd1000        0x0 /opt/st/stm32cubeide_1.16.0/plugins/com.st.stm32cube.ide.mcu.externaltools.gnu-tools-for-stm32.12.3.rel1.linux64_1.0.200.202406132123/tools/bin/../lib/gcc/arm-none-eabi/12.3.1/thumb/v7ve+simd/hard/crtbegin.o

.glue_7         0x2ffd1000        0x0
 .glue_7        0x2ffd1000        0x0 linker stubs

.glue_7t        0x2ffd1000        0x0
 .glue_7t       0x2ffd1000        0x0 linker stubs

.vfp11_veneer   0x2ffd1000        0x0
 .vfp11_veneer  0x2ffd1000        0x0 linker stubs

.v4_bx          0x2ffd1000        0x0
 .v4_bx         0x2ffd1000        0x0 linker stubs

.iplt           0x2ffd1000        0x0
 .iplt          0x2ffd1000        0x0 /opt/st/stm32cubeide_1.16.0/plugins/com.st.stm32cube.ide.mcu.externaltools.gnu-tools-for-stm32.12.3.rel1.linux64_1.0.200.202406132123/tools/bin/../lib/gcc/arm-none-eabi/12.3.1/thumb/v7ve+simd/hard/crtbegin.o

.ARM.extab      0x2ffd1000        0x0
                0x2ffd1000                        . = ALIGN (0x4)
 *(.ARM.extab* .gnu.linkonce.armextab.*)
                0x2ffd1000                        . = ALIGN (0x4)

.ARM            0x2ffd1000        0x8
                0x2ffd1000                        . = ALIGN (0x4)
                0x2ffd1000                        __exidx_start = .
 *(.ARM.exidx*)